Component: ARM Compiler 5.05 update 1 (build 106) Tool: armlink [4d0efa]

==============================================================================

Section Cross References

    main.o(i.main) refers to misc.o(i.NVIC_PriorityGroupConfig) for NVIC_PriorityGroupConfig
    main.o(i.main) refers to io.o(i.IO_Init) for IO_Init
    main.o(i.main) refers to usart.o(i.uart_init) for uart_init
    main.o(i.main) refers to timer.o(i.TIM2_Int_Init) for TIM2_Int_Init
    main.o(i.main) refers to timer.o(i.TIM3_Cap_Init) for TIM3_Cap_Init
    main.o(i.main) refers to disp.o(i.init_main) for init_main
    main.o(i.main) refers to io.o(i.Lock_ON) for Lock_ON
    main.o(i.main) refers to io.o(i.LED_OFF) for LED_OFF
    main.o(i.main) refers to disp.o(i.Time1s) for Time1s
    main.o(i.main) refers to disp.o(i.GL_main) for GL_main
    main.o(i.main) refers to disp.o(i.Motor_Driver) for Motor_Driver
    main.o(i.main) refers to io.o(i.IO_Main) for IO_Main
    main.o(i.main) refers to disp.o(i.SysWaitHMSM) for SysWaitHMSM
    main.o(i.main) refers to system_stm32f10x.o(.data) for SystemCoreClock
    disp.o(i.Cmd_Analy) refers to global.o(.bss) for sts
    disp.o(i.Cmd_Analy) refers to global.o(.data) for cmd
    disp.o(i.DownOK_Deal) refers to global.o(.bss) for sts
    disp.o(i.DownOK_Deal) refers to global.o(.data) for cmd
    disp.o(i.DownOK_Deal) refers to disp.o(.data) for Count
    disp.o(i.Down_Deal) refers to global.o(.bss) for sts
    disp.o(i.Down_Deal) refers to global.o(.data) for key
    disp.o(i.Down_Deal) refers to disp.o(.data) for Count
    disp.o(i.GL_Forced) refers to global.o(.bss) for sts
    disp.o(i.GL_Forced) refers to global.o(.data) for key
    disp.o(i.GL_Forced) refers to disp.o(.data) for Count
    disp.o(i.GL_main) refers to disp.o(i.voice_deal) for voice_deal
    disp.o(i.GL_main) refers to disp.o(i.GL_Forced) for GL_Forced
    disp.o(i.GL_main) refers to disp.o(i.Lock_Deal) for Lock_Deal
    disp.o(i.GL_main) refers to interface.o(i.Interface) for Interface
    disp.o(i.GL_main) refers to disp.o(i.Start) for Start
    disp.o(i.GL_main) refers to disp.o(i.Cmd_Analy) for Cmd_Analy
    disp.o(i.GL_main) refers to disp.o(i.Up_Deal) for Up_Deal
    disp.o(i.GL_main) refers to disp.o(i.ResisUp_Deal) for ResisUp_Deal
    disp.o(i.GL_main) refers to disp.o(i.UpOK_Deal) for UpOK_Deal
    disp.o(i.GL_main) refers to disp.o(i.Down_Deal) for Down_Deal
    disp.o(i.GL_main) refers to disp.o(i.ResisDown_Deal) for ResisDown_Deal
    disp.o(i.GL_main) refers to disp.o(i.DownOK_Deal) for DownOK_Deal
    disp.o(i.GL_main) refers to global.o(.data) for cmd
    disp.o(i.GL_main) refers to global.o(.bss) for sts
    disp.o(i.Lock_Deal) refers to io.o(i.Lock_ON) for Lock_ON
    disp.o(i.Lock_Deal) refers to io.o(i.Lock_OFF) for Lock_OFF
    disp.o(i.Lock_Deal) refers to global.o(.data) for cmd
    disp.o(i.Lock_Deal) refers to disp.o(.data) for count
    disp.o(i.Lock_Deal) refers to global.o(.bss) for sts
    disp.o(i.Motor_Driver) refers to stm32f10x_tim.o(i.TIM_ITConfig) for TIM_ITConfig
    disp.o(i.Motor_Driver) refers to global.o(.data) for cmd
    disp.o(i.Motor_Driver) refers to disp.o(.data) for cmd_old
    disp.o(i.ResisDown_Deal) refers to global.o(.bss) for sts
    disp.o(i.ResisDown_Deal) refers to global.o(.data) for cmd
    disp.o(i.ResisDown_Deal) refers to disp.o(.data) for Count
    disp.o(i.ResisUp_Deal) refers to global.o(.bss) for sts
    disp.o(i.ResisUp_Deal) refers to global.o(.data) for cmd
    disp.o(i.ResisUp_Deal) refers to disp.o(.data) for Count
    disp.o(i.Start) refers to disp.o(.data) for voice_set
    disp.o(i.Start) refers to global.o(.bss) for sts
    disp.o(i.Start) refers to global.o(.data) for cmd
    disp.o(i.SysDelayHMSM) refers to global.o(.data) for SysTickCnt
    disp.o(i.SysWaitHMSM) refers to global.o(.bss) for SysWait_Times
    disp.o(i.SysWaitHMSM) refers to global.o(.data) for SysTickCnt
    disp.o(i.Time1s) refers to global.o(.data) for Sys_Tick_Count
    disp.o(i.UpOK_Deal) refers to global.o(.bss) for sts
    disp.o(i.UpOK_Deal) refers to global.o(.data) for cmd
    disp.o(i.UpOK_Deal) refers to disp.o(.data) for Count
    disp.o(i.Up_Deal) refers to global.o(.bss) for sts
    disp.o(i.Up_Deal) refers to global.o(.data) for key
    disp.o(i.Up_Deal) refers to disp.o(.data) for Count
    disp.o(i.init_GL) refers to global.o(.bss) for sts
    disp.o(i.init_GL) refers to global.o(.data) for cmd
    disp.o(i.init_main) refers to global.o(.bss) for sts
    disp.o(i.init_main) refers to global.o(.data) for CAR_MODLE
    disp.o(i.voice_deal) refers to usart.o(i.UartSend) for UartSend
    disp.o(i.voice_deal) refers to global.o(.data) for cmd
    disp.o(i.voice_deal) refers to usart.o(.data) for YY_CMD
    disp.o(i.voice_deal) refers to usart.o(.bss) for uart
    disp.o(i.voice_deal) refers to global.o(.bss) for sts
    stm32f10x_it.o(i.SysTick_Handler) refers to global.o(.data) for SysTickCnt
[...]
    defsig_fpe_inner.o(.text) refers to defsig_general.o(.text) for __default_signal_display
    defsig_rtred_inner.o(.text) refers to defsig_general.o(.text) for __default_signal_display
    defsig_stak_inner.o(.text) refers to defsig_general.o(.text) for __default_signal_display
    defsig_pvfn_inner.o(.text) refers to defsig_general.o(.text) for __default_signal_display
    defsig_cppl_inner.o(.text) refers to defsig_general.o(.text) for __default_signal_display
    defsig_segv_inner.o(.text) refers to defsig_general.o(.text) for __default_signal_display
    defsig_other.o(.text) refers to defsig_general.o(.text) for __default_signal_display


==============================================================================

Removing Unused input sections from the image.

    Removing main.o(i.IWDG_Feed), (16 bytes).
    Removing main.o(i.IWDG_Init), (32 bytes).
    Removing disp.o(i.init_GL), (220 bytes).
    Removing system_stm32f10x.o(i.SystemCoreClockUpdate), (164 bytes).
    Removing delay.o(i.delay_init), (68 bytes).
    Removing delay.o(i.delay_ms), (76 bytes).
    Removing delay.o(i.delay_us), (76 bytes).
    Removing delay.o(.data), (4 bytes).
    Removing io.o(i.LED_ON), (16 bytes).
    Removing sys.o(.emb_text), (6 bytes).
    Removing sys.o(i.INTX_DISABLE), (4 bytes).
    Removing sys.o(i.INTX_ENABLE), (4 bytes).
    Removing sys.o(i.WFI_SET), (4 bytes).
    Removing timer.o(i.TIM3_Int_Init), (96 bytes).
    Removing timer.o(i.TIM4_Cap_Init), (172 bytes).
    Removing usart.o(i.UartReceive), (20 bytes).
    Removing usart.o(i.fputc), (28 bytes).
    Removing misc.o(i.NVIC_SetVectorTable), (20 bytes).
    Removing misc.o(i.NVIC_SystemLPConfig), (32 bytes).
    Removing misc.o(i.SysTick_CLKSourceConfig), (40 bytes).
    Removing stm32f10x_bkp.o(i.BKP_ClearFlag), (20 bytes).
    Removing stm32f10x_bkp.o(i.BKP_ClearITPendingBit), (20 bytes).
    Removing stm32f10x_bkp.o(i.BKP_DeInit), (16 bytes).
    Removing stm32f10x_bkp.o(i.BKP_GetFlagStatus), (12 bytes).
    Removing stm32f10x_bkp.o(i.BKP_GetITStatus), (12 bytes).
    Removing stm32f10x_bkp.o(i.BKP_ITConfig), (12 bytes).
    Removing stm32f10x_bkp.o(i.BKP_RTCOutputConfig), (28 bytes).
    Removing stm32f10x_bkp.o(i.BKP_ReadBackupRegister), (28 bytes).
    Removing stm32f10x_bkp.o(i.BKP_SetRTCCalibrationValue), (28 bytes).
    Removing stm32f10x_bkp.o(i.BKP_TamperPinCmd), (12 bytes).
    Removing stm32f10x_bkp.o(i.BKP_TamperPinLevelConfig), (12 bytes).
    Removing stm32f10x_bkp.o(i.BKP_WriteBackupRegister), (28 bytes).
    Removing stm32f10x_crc.o(i.CRC_CalcBlockCRC), (36 bytes).
    Removing stm32f10x_crc.o(i.CRC_CalcCRC), (16 bytes).
    Removing stm32f10x_crc.o(i.CRC_GetCRC), (12 bytes).
    Removing stm32f10x_crc.o(i.CRC_GetIDRegister), (12 bytes).
    Removing stm32f10x_crc.o(i.CRC_ResetDR), (12 bytes).
    Removing stm32f10x_crc.o(i.CRC_SetIDRegister), (12 bytes).
    Removing stm32f10x_dbgmcu.o(i.DBGMCU_Config), (32 bytes).
    Removing stm32f10x_dbgmcu.o(i.DBGMCU_GetDEVID), (16 bytes).
    Removing stm32f10x_dbgmcu.o(i.DBGMCU_GetREVID), (12 bytes).
    Removing stm32f10x_dma.o(i.DMA_ClearFlag), (28 bytes).
    Removing stm32f10x_dma.o(i.DMA_ClearITPendingBit), (28 bytes).
    Removing stm32f10x_dma.o(i.DMA_Cmd), (24 bytes).
    Removing stm32f10x_dma.o(i.DMA_DeInit), (332 bytes).
    Removing stm32f10x_dma.o(i.DMA_GetCurrDataCounter), (8 bytes).
    Removing stm32f10x_dma.o(i.DMA_GetFlagStatus), (44 bytes).
    Removing stm32f10x_dma.o(i.DMA_GetITStatus), (44 bytes).
    Removing stm32f10x_dma.o(i.DMA_ITConfig), (18 bytes).
    Removing stm32f10x_dma.o(i.DMA_Init), (60 bytes).
    Removing stm32f10x_dma.o(i.DMA_SetCurrDataCounter), (4 bytes).
    Removing stm32f10x_dma.o(i.DMA_StructInit), (26 bytes).
    Removing stm32f10x_exti.o(i.EXTI_ClearFlag), (12 bytes).
    Removing stm32f10x_exti.o(i.EXTI_ClearITPendingBit), (12 bytes).
    Removing stm32f10x_exti.o(i.EXTI_DeInit), (36 bytes).
    Removing stm32f10x_exti.o(i.EXTI_GenerateSWInterrupt), (16 bytes).
    Removing stm32f10x_exti.o(i.EXTI_GetFlagStatus), (24 bytes).
    Removing stm32f10x_exti.o(i.EXTI_GetITStatus), (40 bytes).
    Removing stm32f10x_exti.o(i.EXTI_Init), (148 bytes).
    Removing stm32f10x_exti.o(i.EXTI_StructInit), (16 bytes).
    Removing stm32f10x_flash.o(i.FLASH_ClearFlag), (12 bytes).
    Removing stm32f10x_flash.o(i.FLASH_EnableWriteProtection), (196 bytes).
    Removing stm32f10x_flash.o(i.FLASH_EraseAllBank1Pages), (72 bytes).
    Removing stm32f10x_flash.o(i.FLASH_EraseAllPages), (72 bytes).
    Removing stm32f10x_flash.o(i.FLASH_EraseOptionBytes), (168 bytes).
    Removing stm32f10x_flash.o(i.FLASH_ErasePage), (76 bytes).
    Removing stm32f10x_flash.o(i.FLASH_GetBank1Status), (52 bytes).
    Removing stm32f10x_flash.o(i.FLASH_GetFlagStatus), (48 bytes).
    Removing stm32f10x_flash.o(i.FLASH_GetPrefetchBufferStatus), (24 bytes).
    Removing stm32f10x_flash.o(i.FLASH_GetReadOutProtectionStatus), (24 bytes).
    Removing stm32f10x_flash.o(i.FLASH_GetStatus), (52 bytes).
    Removing stm32f10x_flash.o(i.FLASH_GetUserOptionByte), (12 bytes).
    Removing stm32f10x_flash.o(i.FLASH_GetWriteProtectionOptionByte), (12 bytes).
    Removing stm32f10x_flash.o(i.FLASH_HalfCycleAccessCmd), (28 bytes).
    Removing stm32f10x_flash.o(i.FLASH_ITConfig), (32 bytes).
    Removing stm32f10x_flash.o(i.FLASH_Lock), (20 bytes).
    Removing stm32f10x_flash.o(i.FLASH_LockBank1), (20 bytes).
    Removing stm32f10x_flash.o(i.FLASH_PrefetchBufferCmd), (28 bytes).
    Removing stm32f10x_flash.o(i.FLASH_ProgramHalfWord), (64 bytes).
    Removing stm32f10x_flash.o(i.FLASH_ProgramOptionByteData), (84 bytes).
    Removing stm32f10x_flash.o(i.FLASH_ProgramWord), (108 bytes).
    Removing stm32f10x_flash.o(i.FLASH_ReadOutProtection), (172 bytes).
    Removing stm32f10x_flash.o(i.FLASH_SetLatency), (24 bytes).
    Removing stm32f10x_flash.o(i.FLASH_Unlock), (24 bytes).
    Removing stm32f10x_flash.o(i.FLASH_UnlockBank1), (24 bytes).
    Removing stm32f10x_flash.o(i.FLASH_UserOptionByteConfig), (104 bytes).
    Removing stm32f10x_flash.o(i.FLASH_WaitForLastBank1Operation), (38 bytes).
    Removing stm32f10x_flash.o(i.FLASH_WaitForLastOperation), (38 bytes).
    Removing stm32f10x_fsmc.o(i.FSMC_ClearFlag), (64 bytes).
    Removing stm32f10x_fsmc.o(i.FSMC_ClearITPendingBit), (72 bytes).
    Removing stm32f10x_fsmc.o(i.FSMC_GetECC), (28 bytes).
    Removing stm32f10x_fsmc.o(i.FSMC_GetFlagStatus), (56 bytes).
    Removing stm32f10x_fsmc.o(i.FSMC_GetITStatus), (68 bytes).
    Removing stm32f10x_fsmc.o(i.FSMC_ITConfig), (128 bytes).
    Removing stm32f10x_fsmc.o(i.FSMC_NANDCmd), (92 bytes).
    Removing stm32f10x_fsmc.o(i.FSMC_NANDDeInit), (68 bytes).
    Removing stm32f10x_fsmc.o(i.FSMC_NANDECCCmd), (92 bytes).
    Removing stm32f10x_fsmc.o(i.FSMC_NANDInit), (136 bytes).
    Removing stm32f10x_fsmc.o(i.FSMC_NANDStructInit), (54 bytes).
    Removing stm32f10x_fsmc.o(i.FSMC_NORSRAMCmd), (52 bytes).
    Removing stm32f10x_fsmc.o(i.FSMC_NORSRAMDeInit), (54 bytes).
    Removing stm32f10x_fsmc.o(i.FSMC_NORSRAMInit), (230 bytes).
    Removing stm32f10x_fsmc.o(i.FSMC_NORSRAMStructInit), (114 bytes).
    Removing stm32f10x_fsmc.o(i.FSMC_PCCARDCmd), (48 bytes).
    Removing stm32f10x_fsmc.o(i.FSMC_PCCARDDeInit), (40 bytes).
    Removing stm32f10x_fsmc.o(i.FSMC_PCCARDInit), (132 bytes).
    Removing stm32f10x_fsmc.o(i.FSMC_PCCARDStructInit), (60 bytes).
    Removing stm32f10x_gpio.o(i.GPIO_AFIODeInit), (20 bytes).
    Removing stm32f10x_gpio.o(i.GPIO_DeInit), (200 bytes).
    Removing stm32f10x_gpio.o(i.GPIO_ETH_MediaInterfaceConfig), (12 bytes).
    Removing stm32f10x_gpio.o(i.GPIO_EXTILineConfig), (64 bytes).
    Removing stm32f10x_gpio.o(i.GPIO_EventOutputCmd), (12 bytes).
    Removing stm32f10x_gpio.o(i.GPIO_EventOutputConfig), (32 bytes).
    Removing stm32f10x_gpio.o(i.GPIO_PinLockConfig), (18 bytes).
    Removing stm32f10x_gpio.o(i.GPIO_ReadInputData), (8 bytes).
    Removing stm32f10x_gpio.o(i.GPIO_ReadOutputData), (8 bytes).
    Removing stm32f10x_gpio.o(i.GPIO_ReadOutputDataBit), (18 bytes).
    Removing stm32f10x_gpio.o(i.GPIO_StructInit), (16 bytes).
    Removing stm32f10x_gpio.o(i.GPIO_Write), (4 bytes).
    Removing stm32f10x_gpio.o(i.GPIO_WriteBit), (10 bytes).
    Removing stm32f10x_iwdg.o(i.IWDG_Enable), (16 bytes).
    Removing stm32f10x_iwdg.o(i.IWDG_GetFlagStatus), (24 bytes).
    Removing stm32f10x_iwdg.o(i.IWDG_ReloadCounter), (16 bytes).
    Removing stm32f10x_iwdg.o(i.IWDG_SetPrescaler), (12 bytes).
    Removing stm32f10x_iwdg.o(i.IWDG_SetReload), (12 bytes).
    Removing stm32f10x_iwdg.o(i.IWDG_WriteAccessCmd), (12 bytes).
    Removing stm32f10x_pwr.o(i.PWR_BackupAccessCmd), (12 bytes).
    Removing stm32f10x_pwr.o(i.PWR_ClearFlag), (20 bytes).
    Removing stm32f10x_pwr.o(i.PWR_DeInit), (22 bytes).
    Removing stm32f10x_pwr.o(i.PWR_EnterSTANDBYMode), (52 bytes).
    Removing stm32f10x_pwr.o(i.PWR_EnterSTOPMode), (64 bytes).
    Removing stm32f10x_pwr.o(i.PWR_GetFlagStatus), (24 bytes).
    Removing stm32f10x_pwr.o(i.PWR_PVDCmd), (12 bytes).
    Removing stm32f10x_pwr.o(i.PWR_PVDLevelConfig), (24 bytes).
    Removing stm32f10x_pwr.o(i.PWR_WakeUpPinCmd), (12 bytes).
    Removing stm32f10x_rcc.o(i.RCC_ADCCLKConfig), (24 bytes).
    Removing stm32f10x_rcc.o(i.RCC_AHBPeriphClockCmd), (32 bytes).
    Removing stm32f10x_rcc.o(i.RCC_APB1PeriphResetCmd), (32 bytes).
    Removing stm32f10x_rcc.o(i.RCC_APB2PeriphResetCmd), (32 bytes).
    Removing stm32f10x_rcc.o(i.RCC_AdjustHSICalibrationValue), (24 bytes).
    Removing stm32f10x_rcc.o(i.RCC_BackupResetCmd), (12 bytes).
    Removing stm32f10x_rcc.o(i.RCC_ClearFlag), (20 bytes).
    Removing stm32f10x_rcc.o(i.RCC_ClearITPendingBit), (12 bytes).
    Removing stm32f10x_rcc.o(i.RCC_ClockSecuritySystemCmd), (12 bytes).
    Removing stm32f10x_rcc.o(i.RCC_DeInit), (76 bytes).
    Removing stm32f10x_rcc.o(i.RCC_GetFlagStatus), (60 bytes).
    Removing stm32f10x_rcc.o(i.RCC_GetITStatus), (24 bytes).
    Removing stm32f10x_rcc.o(i.RCC_GetSYSCLKSource), (16 bytes).
    Removing stm32f10x_rcc.o(i.RCC_HCLKConfig), (24 bytes).
    Removing stm32f10x_rcc.o(i.RCC_HSEConfig), (76 bytes).
    Removing stm32f10x_rcc.o(i.RCC_HSICmd), (12 bytes).
    Removing stm32f10x_rcc.o(i.RCC_ITConfig), (32 bytes).
    Removing stm32f10x_rcc.o(i.RCC_LSEConfig), (52 bytes).
    Removing stm32f10x_rcc.o(i.RCC_LSICmd), (12 bytes).
    Removing stm32f10x_rcc.o(i.RCC_MCOConfig), (12 bytes).
    Removing stm32f10x_rcc.o(i.RCC_PCLK1Config), (24 bytes).
    Removing stm32f10x_rcc.o(i.RCC_PCLK2Config), (24 bytes).
    Removing stm32f10x_rcc.o(i.RCC_PLLCmd), (12 bytes).
    Removing stm32f10x_rcc.o(i.RCC_PLLConfig), (28 bytes).
    Removing stm32f10x_rcc.o(i.RCC_RTCCLKCmd), (12 bytes).
    Removing stm32f10x_rcc.o(i.RCC_RTCCLKConfig), (16 bytes).
    Removing stm32f10x_rcc.o(i.RCC_SYSCLKConfig), (24 bytes).
    Removing stm32f10x_rcc.o(i.RCC_USBCLKConfig), (12 bytes).
    Removing stm32f10x_rcc.o(i.RCC_WaitForHSEStartUp), (56 bytes).
    Removing stm32f10x_rtc.o(i.RTC_ClearFlag), (16 bytes).
    Removing stm32f10x_rtc.o(i.RTC_ClearITPendingBit), (16 bytes).
    Removing stm32f10x_rtc.o(i.RTC_EnterConfigMode), (20 bytes).
    Removing stm32f10x_rtc.o(i.RTC_ExitConfigMode), (20 bytes).
    Removing stm32f10x_rtc.o(i.RTC_GetCounter), (20 bytes).
    Removing stm32f10x_rtc.o(i.RTC_GetDivider), (24 bytes).
    Removing stm32f10x_rtc.o(i.RTC_GetFlagStatus), (24 bytes).
    Removing stm32f10x_rtc.o(i.RTC_GetITStatus), (36 bytes).
    Removing stm32f10x_rtc.o(i.RTC_ITConfig), (32 bytes).
    Removing stm32f10x_rtc.o(i.RTC_SetAlarm), (28 bytes).
    Removing stm32f10x_rtc.o(i.RTC_SetCounter), (28 bytes).
    Removing stm32f10x_rtc.o(i.RTC_SetPrescaler), (32 bytes).
    Removing stm32f10x_rtc.o(i.RTC_WaitForLastTask), (20 bytes).
    Removing stm32f10x_rtc.o(i.RTC_WaitForSynchro), (36 bytes).
    Removing stm32f10x_tim.o(i.TIM_ARRPreloadConfig), (24 bytes).
    Removing stm32f10x_tim.o(i.TIM_BDTRConfig), (32 bytes).
    Removing stm32f10x_tim.o(i.TIM_BDTRStructInit), (18 bytes).
    Removing stm32f10x_tim.o(i.TIM_CCPreloadControl), (24 bytes).
    Removing stm32f10x_tim.o(i.TIM_CCxCmd), (30 bytes).
    Removing stm32f10x_tim.o(i.TIM_CCxNCmd), (30 bytes).
    Removing stm32f10x_tim.o(i.TIM_ClearFlag), (6 bytes).
    Removing stm32f10x_tim.o(i.TIM_ClearOC1Ref), (18 bytes).
    Removing stm32f10x_tim.o(i.TIM_ClearOC2Ref), (24 bytes).
    Removing stm32f10x_tim.o(i.TIM_ClearOC3Ref), (18 bytes).
    Removing stm32f10x_tim.o(i.TIM_ClearOC4Ref), (24 bytes).
    Removing stm32f10x_tim.o(i.TIM_CounterModeConfig), (18 bytes).
    Removing stm32f10x_tim.o(i.TIM_CtrlPWMOutputs), (30 bytes).
    Removing stm32f10x_tim.o(i.TIM_DMACmd), (18 bytes).
    Removing stm32f10x_tim.o(i.TIM_DMAConfig), (10 bytes).
    Removing stm32f10x_tim.o(i.TIM_DeInit), (488 bytes).
    Removing stm32f10x_tim.o(i.TIM_ETRClockMode1Config), (54 bytes).
    Removing stm32f10x_tim.o(i.TIM_ETRClockMode2Config), (32 bytes).
    Removing stm32f10x_tim.o(i.TIM_ETRConfig), (28 bytes).
    Removing stm32f10x_tim.o(i.TIM_EncoderInterfaceConfig), (66 bytes).
    Removing stm32f10x_tim.o(i.TIM_ForcedOC1Config), (18 bytes).
    Removing stm32f10x_tim.o(i.TIM_ForcedOC2Config), (26 bytes).
    Removing stm32f10x_tim.o(i.TIM_ForcedOC3Config), (18 bytes).
    Removing stm32f10x_tim.o(i.TIM_ForcedOC4Config), (26 bytes).
    Removing stm32f10x_tim.o(i.TIM_GenerateEvent), (4 bytes).
    Removing stm32f10x_tim.o(i.TIM_GetCapture2), (6 bytes).
    Removing stm32f10x_tim.o(i.TIM_GetCapture3), (6 bytes).
    Removing stm32f10x_tim.o(i.TIM_GetCapture4), (8 bytes).
    Removing stm32f10x_tim.o(i.TIM_GetCounter), (6 bytes).
    Removing stm32f10x_tim.o(i.TIM_GetFlagStatus), (18 bytes).
    Removing stm32f10x_tim.o(i.TIM_GetPrescaler), (6 bytes).
    Removing stm32f10x_tim.o(i.TIM_ICStructInit), (18 bytes).
    Removing stm32f10x_tim.o(i.TIM_ITRxExternalClockConfig), (24 bytes).
    Removing stm32f10x_tim.o(i.TIM_InternalClockConfig), (12 bytes).
    Removing stm32f10x_tim.o(i.TIM_OC1FastConfig), (18 bytes).
    Removing stm32f10x_tim.o(i.TIM_OC1Init), (152 bytes).
    Removing stm32f10x_tim.o(i.TIM_OC1NPolarityConfig), (18 bytes).
    Removing stm32f10x_tim.o(i.TIM_OC1PreloadConfig), (18 bytes).
    Removing stm32f10x_tim.o(i.TIM_OC2FastConfig), (26 bytes).
    Removing stm32f10x_tim.o(i.TIM_OC2Init), (164 bytes).
    Removing stm32f10x_tim.o(i.TIM_OC2NPolarityConfig), (26 bytes).
    Removing stm32f10x_tim.o(i.TIM_OC2PolarityConfig), (26 bytes).
    Removing stm32f10x_tim.o(i.TIM_OC2PreloadConfig), (26 bytes).
    Removing stm32f10x_tim.o(i.TIM_OC3FastConfig), (18 bytes).
    Removing stm32f10x_tim.o(i.TIM_OC3Init), (160 bytes).
    Removing stm32f10x_tim.o(i.TIM_OC3NPolarityConfig), (26 bytes).
    Removing stm32f10x_tim.o(i.TIM_OC3PolarityConfig), (26 bytes).
    Removing stm32f10x_tim.o(i.TIM_OC3PreloadConfig), (18 bytes).
    Removing stm32f10x_tim.o(i.TIM_OC4FastConfig), (26 bytes).
    Removing stm32f10x_tim.o(i.TIM_OC4Init), (124 bytes).
    Removing stm32f10x_tim.o(i.TIM_OC4PolarityConfig), (26 bytes).
    Removing stm32f10x_tim.o(i.TIM_OC4PreloadConfig), (26 bytes).
    Removing stm32f10x_tim.o(i.TIM_OCStructInit), (20 bytes).
    Removing stm32f10x_tim.o(i.TIM_PWMIConfig), (124 bytes).
    Removing stm32f10x_tim.o(i.TIM_PrescalerConfig), (6 bytes).
    Removing stm32f10x_tim.o(i.TIM_SelectCCDMA), (24 bytes).
    Removing stm32f10x_tim.o(i.TIM_SelectCOM), (24 bytes).
    Removing stm32f10x_tim.o(i.TIM_SelectHallSensor), (24 bytes).
    Removing stm32f10x_tim.o(i.TIM_SelectInputTrigger), (18 bytes).
    Removing stm32f10x_tim.o(i.TIM_SelectMasterSlaveMode), (18 bytes).
    Removing stm32f10x_tim.o(i.TIM_SelectOCxM), (82 bytes).
    Removing stm32f10x_tim.o(i.TIM_SelectOnePulseMode), (18 bytes).
    Removing stm32f10x_tim.o(i.TIM_SelectOutputTrigger), (18 bytes).
    Removing stm32f10x_tim.o(i.TIM_SelectSlaveMode), (18 bytes).
    Removing stm32f10x_tim.o(i.TIM_SetAutoreload), (4 bytes).
    Removing stm32f10x_tim.o(i.TIM_SetClockDivision), (18 bytes).
    Removing stm32f10x_tim.o(i.TIM_SetCompare1), (4 bytes).
    Removing stm32f10x_tim.o(i.TIM_SetCompare2), (4 bytes).
    Removing stm32f10x_tim.o(i.TIM_SetCompare3), (4 bytes).
    Removing stm32f10x_tim.o(i.TIM_SetCompare4), (6 bytes).
    Removing stm32f10x_tim.o(i.TIM_TIxExternalClockConfig), (62 bytes).
    Removing stm32f10x_tim.o(i.TIM_TimeBaseStructInit), (18 bytes).
    Removing stm32f10x_tim.o(i.TIM_UpdateDisableConfig), (24 bytes).
    Removing stm32f10x_tim.o(i.TIM_UpdateRequestConfig), (24 bytes).
    Removing stm32f10x_usart.o(i.USART_ClearFlag), (18 bytes).
    Removing stm32f10x_usart.o(i.USART_ClockInit), (34 bytes).
    Removing stm32f10x_usart.o(i.USART_ClockStructInit), (12 bytes).
    Removing stm32f10x_usart.o(i.USART_DMACmd), (18 bytes).
    Removing stm32f10x_usart.o(i.USART_DeInit), (156 bytes).
    Removing stm32f10x_usart.o(i.USART_HalfDuplexCmd), (24 bytes).
    Removing stm32f10x_usart.o(i.USART_IrDACmd), (24 bytes).
    Removing stm32f10x_usart.o(i.USART_IrDAConfig), (18 bytes).
    Removing stm32f10x_usart.o(i.USART_LINBreakDetectLengthConfig), (18 bytes).
    Removing stm32f10x_usart.o(i.USART_LINCmd), (24 bytes).
    Removing stm32f10x_usart.o(i.USART_OneBitMethodCmd), (24 bytes).
    Removing stm32f10x_usart.o(i.USART_OverSampling8Cmd), (22 bytes).
    Removing stm32f10x_usart.o(i.USART_ReceiveData), (10 bytes).
    Removing stm32f10x_usart.o(i.USART_ReceiverWakeUpCmd), (24 bytes).
    Removing stm32f10x_usart.o(i.USART_SendBreak), (10 bytes).
    Removing stm32f10x_usart.o(i.USART_SetAddress), (18 bytes).
    Removing stm32f10x_usart.o(i.USART_SetGuardTime), (16 bytes).
    Removing stm32f10x_usart.o(i.USART_SetPrescaler), (16 bytes).
    Removing stm32f10x_usart.o(i.USART_SmartCardCmd), (24 bytes).
    Removing stm32f10x_usart.o(i.USART_SmartCardNACKCmd), (24 bytes).
    Removing stm32f10x_usart.o(i.USART_StructInit), (24 bytes).
    Removing stm32f10x_usart.o(i.USART_WakeUpConfig), (18 bytes).
    Removing stm32f10x_wwdg.o(i.WWDG_ClearFlag), (12 bytes).
    Removing stm32f10x_wwdg.o(i.WWDG_DeInit), (22 bytes).
    Removing stm32f10x_wwdg.o(i.WWDG_Enable), (16 bytes).
    Removing stm32f10x_wwdg.o(i.WWDG_EnableIT), (12 bytes).
    Removing stm32f10x_wwdg.o(i.WWDG_GetFlagStatus), (12 bytes).
    Removing stm32f10x_wwdg.o(i.WWDG_SetCounter), (16 bytes).
    Removing stm32f10x_wwdg.o(i.WWDG_SetPrescaler), (24 bytes).
    Removing stm32f10x_wwdg.o(i.WWDG_SetWindowValue), (40 bytes).
    Removing core_cm3.o(.emb_text), (32 bytes).

283 unused section(s) (total 10970 bytes) removed from the image.

==============================================================================

Image Symbol Table

    Local Symbols

    Symbol Name                              Value     Ov Type        Size  Object(Section)

    ../clib/angel/boardlib.s                 0x00000000   Number         0  boardinit1.o ABSOLUTE
    ../clib/angel/boardlib.s                 0x00000000   Number         0  boardshut.o ABSOLUTE
    ../clib/angel/boardlib.s                 0x00000000   Number         0  boardinit3.o ABSOLUTE
    ../clib/angel/boardlib.s                 0x00000000   Number         0  boardinit2.o ABSOLUTE
    ../clib/angel/dczerorl2.s                0x00000000   Number         0  __dczerorl2.o ABSOLUTE
    ../clib/angel/handlers.s                 0x00000000   Number         0  __scatter_zi.o ABSOLUTE
    ../clib/angel/kernel.s                   0x00000000   Number         0  __rtentry.o ABSOLUTE
    ../clib/angel/kernel.s                   0x00000000   Number         0  rtexit.o ABSOLUTE
    ../clib/angel/kernel.s                   0x00000000   Number         0  __rtentry4.o ABSOLUTE
    ../clib/angel/kernel.s                   0x00000000   Number         0  rtexit2.o ABSOLUTE
    ../clib/angel/kernel.s                   0x00000000   Number         0  __rtentry2.o ABSOLUTE
    ../clib/angel/rt.s                       0x00000000   Number         0  rt_raise.o ABSOLUTE
    ../clib/angel/scatter.s                  0x00000000   Number         0  __scatter.o ABSOLUTE
    ../clib/angel/startup.s                  0x00000000   Number         0  __main.o ABSOLUTE
    ../clib/angel/sys.s                      0x00000000   Number         0  sys_stackheap_outer.o ABSOLUTE
    ../clib/angel/sys.s                      0x00000000   Number         0  use_no_semi.o ABSOLUTE
    ../clib/angel/sys.s                      0x00000000   Number         0  indicate_semi.o ABSOLUTE
    ../clib/angel/sys.s                      0x00000000   Number         0  libspace.o ABSOLUTE
    ../clib/angel/sys.s                      0x00000000   Number         0  use_no_semi_2.o ABSOLUTE
    ../clib/angel/sysapp.c                   0x00000000   Number         0  sys_wrch.o ABSOLUTE
    ../clib/angel/sysapp.c                   0x00000000   Number         0  sys_command.o ABSOLUTE
    ../clib/armsys.c                         0x00000000   Number         0  no_argv.o ABSOLUTE
    ../clib/armsys.c                         0x00000000   Number         0  _get_argv_nomalloc.o ABSOLUTE
    ../clib/armsys.c                         0x00000000   Number         0  argv_veneer.o ABSOLUTE
    ../clib/armsys.c                         0x00000000   Number         0  argv_veneer.o ABSOLUTE
    ../clib/heapalloc.c                      0x00000000   Number         0  hrguard.o ABSOLUTE
    ../clib/heapaux.c                        0x00000000   Number         0  heapauxi.o ABSOLUTE
    ../clib/libinit.s                        0x00000000   Number         0  libinit2.o ABSOLUTE
    ../clib/libinit.s                        0x00000000   Number         0  libshutdown.o ABSOLUTE
    ../clib/libinit.s                        0x00000000   Number         0  libinit.o ABSOLUTE
    ../clib/libinit.s                        0x00000000   Number         0  libshutdown2.o ABSOLUTE
    ../clib/memcpset.s                       0x00000000   Number         0  rt_memclr.o ABSOLUTE
    ../clib/memcpset.s                       0x00000000   Number         0  aeabi_memset.o ABSOLUTE
    ../clib/memcpset.s                       0x00000000   Number         0  rt_memclr_w.o ABSOLUTE
    ../clib/signal.c                         0x00000000   Number         0  defsig_rtmem_outer.o ABSOLUTE
    ../clib/signal.c                         0x00000000   Number         0  defsig_rtmem_inner.o ABSOLUTE
    ../clib/signal.c                         0x00000000   Number         0  defsig_segv_inner.o ABSOLUTE
    ../clib/signal.c                         0x00000000   Number         0  defsig_rtred_inner.o ABSOLUTE
    ../clib/signal.c                         0x00000000   Number         0  defsig_fpe_inner.o ABSOLUTE
    ../clib/signal.c                         0x00000000   Number         0  defsig_abrt_inner.o ABSOLUTE
    ../clib/signal.c                         0x00000000   Number         0  defsig_other.o ABSOLUTE
    ../clib/signal.c                         0x00000000   Number         0  defsig_exit.o ABSOLUTE
    ../clib/signal.c                         0x00000000   Number         0  __raise.o ABSOLUTE
    ../clib/signal.c                         0x00000000   Number         0  defsig_rtmem_formal.o ABSOLUTE
    ../clib/signal.c                         0x00000000   Number         0  defsig_general.o ABSOLUTE
    ../clib/signal.c                         0x00000000   Number         0  defsig_stak_inner.o ABSOLUTE
    ../clib/signal.c                         0x00000000   Number         0  defsig_pvfn_inner.o ABSOLUTE
    ../clib/signal.c                         0x00000000   Number         0  defsig_cppl_inner.o ABSOLUTE
    ../clib/signal.s                         0x00000000   Number         0  defsig.o ABSOLUTE
    ../clib/stdlib.c                         0x00000000   Number         0  exit.o ABSOLUTE
    ../fplib/fpinit.s                        0x00000000   Number         0  fpinit.o ABSOLUTE
    ..\API\IO.c                              0x00000000   Number         0  io.o ABSOLUTE
    ..\API\delay.c                           0x00000000   Number         0  delay.o ABSOLUTE
    ..\API\interface.c                       0x00000000   Number         0  interface.o ABSOLUTE
    ..\API\sys.c                             0x00000000   Number         0  sys.o ABSOLUTE
    ..\API\timer.c                           0x00000000   Number         0  timer.o ABSOLUTE
    ..\API\usart.c                           0x00000000   Number         0  usart.o ABSOLUTE
    ..\CORE\core_cm3.c                       0x00000000   Number         0  core_cm3.o ABSOLUTE
    ..\CORE\startup_stm32f10x_md.s           0x00000000   Number         0  startup_stm32f10x_md.o ABSOLUTE
    ..\STM32F10x_FWLib\src\misc.c            0x00000000   Number         0  misc.o ABSOLUTE
    ..\STM32F10x_FWLib\src\stm32f10x_bkp.c   0x00000000   Number         0  stm32f10x_bkp.o ABSOLUTE
    ..\STM32F10x_FWLib\src\stm32f10x_crc.c   0x00000000   Number         0  stm32f10x_crc.o ABSOLUTE
    ..\STM32F10x_FWLib\src\stm32f10x_dbgmcu.c 0x00000000   Number         0  stm32f10x_dbgmcu.o ABSOLUTE
    ..\STM32F10x_FWLib\src\stm32f10x_dma.c   0x00000000   Number         0  stm32f10x_dma.o ABSOLUTE
    ..\STM32F10x_FWLib\src\stm32f10x_exti.c  0x00000000   Number         0  stm32f10x_exti.o ABSOLUTE
    ..\STM32F10x_FWLib\src\stm32f10x_flash.c 0x00000000   Number         0  stm32f10x_flash.o ABSOLUTE
    ..\STM32F10x_FWLib\src\stm32f10x_fsmc.c  0x00000000   Number         0  stm32f10x_fsmc.o ABSOLUTE
    ..\STM32F10x_FWLib\src\stm32f10x_gpio.c  0x00000000   Number         0  stm32f10x_gpio.o ABSOLUTE
    ..\STM32F10x_FWLib\src\stm32f10x_iwdg.c  0x00000000   Number         0  stm32f10x_iwdg.o ABSOLUTE
    ..\STM32F10x_FWLib\src\stm32f10x_pwr.c   0x00000000   Number         0  stm32f10x_pwr.o ABSOLUTE
    ..\STM32F10x_FWLib\src\stm32f10x_rcc.c   0x00000000   Number         0  stm32f10x_rcc.o ABSOLUTE
    ..\STM32F10x_FWLib\src\stm32f10x_rtc.c   0x00000000   Number         0  stm32f10x_rtc.o ABSOLUTE
    ..\STM32F10x_FWLib\src\stm32f10x_tim.c   0x00000000   Number         0  stm32f10x_tim.o ABSOLUTE
    ..\STM32F10x_FWLib\src\stm32f10x_usart.c 0x00000000   Number         0  stm32f10x_usart.o ABSOLUTE
    ..\STM32F10x_FWLib\src\stm32f10x_wwdg.c  0x00000000   Number         0  stm32f10x_wwdg.o ABSOLUTE
    ..\\API\\sys.c                           0x00000000   Number         0  sys.o ABSOLUTE
    ..\\CORE\\core_cm3.c                     0x00000000   Number         0  core_cm3.o ABSOLUTE
    dc.s                                     0x00000000   Number         0  dc.o ABSOLUTE
    disp.c                                   0x00000000   Number         0  disp.o ABSOLUTE
    global.c                                 0x00000000   Number         0  global.o ABSOLUTE
    main.c                                   0x00000000   Number         0  main.o ABSOLUTE
    stm32f10x_it.c                           0x00000000   Number         0  stm32f10x_it.o ABSOLUTE
    system_stm32f10x.c                       0x00000000   Number         0  system_stm32f10x.o ABSOLUTE
    RESET                                    0x08000000   Section      236  startup_stm32f10x_md.o(RESET)
    !!!main                                  0x080000ec   Section        8  __main.o(!!!main)
    !!!scatter                               0x080000f4   Section       52  __scatter.o(!!!scatter)
    !!dczerorl2                              0x08000128   Section       90  __dczerorl2.o(!!dczerorl2)
    !!handler_zi                             0x08000184   Section       28  __scatter_zi.o(!!handler_zi)
    .ARM.Collect$$libinit$$00000000          0x080001a0   Section        2  libinit.o(.ARM.Collect$$libinit$$00000000)
    .ARM.Collect$$libinit$$00000002          0x080001a2   Section        0  libinit2.o(.ARM.Collect$$libinit$$00000002)
    .ARM.Collect$$libinit$$00000004          0x080001a2   Section        0  libinit2.o(.ARM.Collect$$libinit$$00000004)
    .ARM.Collect$$libinit$$0000000A          0x080001a2   Section        0  libinit2.o(.ARM.Collect$$libinit$$0000000A)
    .ARM.Collect$$libinit$$0000000C          0x080001a2   Section        0  libinit2.o(.ARM.Collect$$libinit$$0000000C)
    .ARM.Collect$$libinit$$0000000E          0x080001a2   Section        0  libinit2.o(.ARM.Collect$$libinit$$0000000E)
    .ARM.Collect$$libinit$$00000011          0x080001a2   Section        0  libinit2.o(.ARM.Collect$$libinit$$00000011)
    .ARM.Collect$$libinit$$00000013          0x080001a2   Section        0  libinit2.o(.ARM.Collect$$libinit$$00000013)
    .ARM.Collect$$libinit$$00000015          0x080001a2   Section        0  libinit2.o(.ARM.Collect$$libinit$$00000015)
    .ARM.Collect$$libinit$$00000017          0x080001a2   Section        0  libinit2.o(.ARM.Collect$$libinit$$00000017)
    .ARM.Collect$$libinit$$00000019          0x080001a2   Section        0  libinit2.o(.ARM.Collect$$libinit$$00000019)
    .ARM.Collect$$libinit$$0000001B          0x080001a2   Section        0  libinit2.o(.ARM.Collect$$libinit$$0000001B)
    .ARM.Collect$$libinit$$0000001D          0x080001a2   Section        0  libinit2.o(.ARM.Collect$$libinit$$0000001D)
    .ARM.Collect$$libinit$$0000001F          0x080001a2   Section        0  libinit2.o(.ARM.Collect$$libinit$$0000001F)
    .ARM.Collect$$libinit$$00000021          0x080001a2   Section        0  libinit2.o(.ARM.Collect$$libinit$$00000021)
    .ARM.Collect$$libinit$$00000023          0x080001a2   Section        0  libinit2.o(.ARM.Collect$$libinit$$00000023)
    .ARM.Collect$$libinit$$00000025          0x080001a2   Section        0  libinit2.o(.ARM.Collect$$libinit$$00000025)
    .ARM.Collect$$libinit$$0000002C          0x080001a2   Section        0  libinit2.o(.ARM.Collect$$libinit$$0000002C)
    .ARM.Collect$$libinit$$0000002E          0x080001a2   Section        0  libinit2.o(.ARM.Collect$$libinit$$0000002E)
    .ARM.Collect$$libinit$$00000030          0x080001a2   Section        0  libinit2.o(.ARM.Collect$$libinit$$00000030)
    .ARM.Collect$$libinit$$00000032          0x080001a2   Section        0  libinit2.o(.ARM.Collect$$libinit$$00000032)
    .ARM.Collect$$libinit$$00000033          0x080001a2   Section        2  libinit2.o(.ARM.Collect$$libinit$$00000033)
    .ARM.Collect$$libshutdown$$00000000      0x080001a4   Section        2  libshutdown.o(.ARM.Collect$$libshutdown$$00000000)
    .ARM.Collect$$libshutdown$$00000003      0x080001a6   Section        0  libshutdown2.o(.ARM.Collect$$libshutdown$$00000003)
    .ARM.Collect$$libshutdown$$00000006      0x080001a6   Section        0  libshutdown2.o(.ARM.Collect$$libshutdown$$00000006)
    .ARM.Collect$$libshutdown$$00000009      0x080001a6   Section        0  libshutdown2.o(.ARM.Collect$$libshutdown$$00000009)
    .ARM.Collect$$libshutdown$$0000000B      0x080001a6   Section        0  libshutdown2.o(.ARM.Collect$$libshutdown$$0000000B)
    .ARM.Collect$$libshutdown$$0000000E      0x080001a6   Section        0  libshutdown2.o(.ARM.Collect$$libshutdown$$0000000E)
    .ARM.Collect$$libshutdown$$0000000F      0x080001a6   Section        2  libshutdown2.o(.ARM.Collect$$libshutdown$$0000000F)
    .ARM.Collect$$rtentry$$00000000          0x080001a8   Section        0  __rtentry.o(.ARM.Collect$$rtentry$$00000000)
    .ARM.Collect$$rtentry$$00000002          0x080001a8   Section        0  __rtentry2.o(.ARM.Collect$$rtentry$$00000002)
    .ARM.Collect$$rtentry$$00000004          0x080001a8   Section        6  __rtentry4.o(.ARM.Collect$$rtentry$$00000004)
    .ARM.Collect$$rtentry$$00000009          0x080001ae   Section        0  __rtentry2.o(.ARM.Collect$$rtentry$$00000009)
    .ARM.Collect$$rtentry$$0000000A          0x080001ae   Section        4  __rtentry2.o(.ARM.Collect$$rtentry$$0000000A)
    .ARM.Collect$$rtentry$$0000000C          0x080001b2   Section        0  __rtentry2.o(.ARM.Collect$$rtentry$$0000000C)
    .ARM.Collect$$rtentry$$0000000D          0x080001b2   Section        8  __rtentry2.o(.ARM.Collect$$rtentry$$0000000D)
    .ARM.Collect$$rtexit$$00000000           0x080001ba   Section        2  rtexit.o(.ARM.Collect$$rtexit$$00000000)
    .ARM.Collect$$rtexit$$00000002           0x080001bc   Section        0  rtexit2.o(.ARM.Collect$$rtexit$$00000002)
    .ARM.Collect$$rtexit$$00000003           0x080001bc   Section        4  rtexit2.o(.ARM.Collect$$rtexit$$00000003)
    .ARM.Collect$$rtexit$$00000004           0x080001c0   Section        6  rtexit2.o(.ARM.Collect$$rtexit$$00000004)
    .text                                    0x080001c8   Section       64  startup_stm32f10x_md.o(.text)
    .text                                    0x08000208   Section        2  use_no_semi_2.o(.text)
    .text                                    0x0800020a   Section       16  aeabi_memset.o(.text)
    .text                                    0x0800021a   Section        0  heapauxi.o(.text)
    .text                                    0x08000220   Section        2  use_no_semi.o(.text)
    .text                                    0x08000222   Section       68  rt_memclr.o(.text)
    .text                                    0x08000266   Section       78  rt_memclr_w.o(.text)
    .text                                    0x080002b4   Section       74  sys_stackheap_outer.o(.text)
    .text                                    0x080002fe   Section        0  exit.o(.text)
    .text                                    0x0800030c   Section        8  libspace.o(.text)
    i.BusFault_Handler                       0x08000314   Section        0  stm32f10x_it.o(i.BusFault_Handler)
    i.CRC8                                   0x08000318   Section        0  interface.o(i.CRC8)
    i.Cmd_Analy                              0x0800033c   Section        0  disp.o(i.Cmd_Analy)
    i.DebugMon_Handler                       0x080003e8   Section        0  stm32f10x_it.o(i.DebugMon_Handler)
    i.DownOK_Deal                            0x080003ec   Section        0  disp.o(i.DownOK_Deal)
    i.Down_Deal                              0x08000494   Section        0  disp.o(i.Down_Deal)
    i.GL_Forced                              0x080005cc   Section        0  disp.o(i.GL_Forced)
    i.GL_main                                0x08000668   Section        0  disp.o(i.GL_main)
    i.GPIO_Init                              0x080006bc   Section        0  stm32f10x_gpio.o(i.GPIO_Init)
    i.GPIO_PinRemapConfig                    0x080007d4   Section        0  stm32f10x_gpio.o(i.GPIO_PinRemapConfig)
    i.GPIO_ReadInputDataBit                  0x08000864   Section        0  stm32f10x_gpio.o(i.GPIO_ReadInputDataBit)
    i.GPIO_ResetBits                         0x08000876   Section        0  stm32f10x_gpio.o(i.GPIO_ResetBits)
    i.GPIO_SetBits                           0x0800087a   Section        0  stm32f10x_gpio.o(i.GPIO_SetBits)
    i.Get_To_Car_Sts                         0x08000880   Section        0  interface.o(i.Get_To_Car_Sts)
    i.Get_To_Err_Sts                         0x080008e8   Section        0  interface.o(i.Get_To_Err_Sts)
    i.Get_To_Lock_Sts                        0x08000964   Section        0  interface.o(i.Get_To_Lock_Sts)
    i.HardFault_Handler                      0x080009d4   Section        0  stm32f10x_it.o(i.HardFault_Handler)
    i.IO_Init                                0x080009d8   Section        0  io.o(i.IO_Init)
    i.IO_Main                                0x080009e4   Section        0  io.o(i.IO_Main)
    i.Interface                              0x080009fc   Section        0  interface.o(i.Interface)
    i.KEY_Init                               0x08000aa0   Section        0  io.o(i.KEY_Init)
    i.KEY_Scan                               0x08000b24   Section        0  io.o(i.KEY_Scan)
    i.LED_OFF                                0x08000d20   Section        0  io.o(i.LED_OFF)
    i.Lock_Deal                              0x08000d30   Section        0  disp.o(i.Lock_Deal)
    i.Lock_OFF                               0x08000dd0   Section        0  io.o(i.Lock_OFF)
    i.Lock_ON                                0x08000de0   Section        0  io.o(i.Lock_ON)
    i.MemManage_Handler                      0x08000df0   Section        0  stm32f10x_it.o(i.MemManage_Handler)
    i.Motor_Driver                           0x08000df4   Section        0  disp.o(i.Motor_Driver)
    i.NMI_Handler                            0x08000e54   Section        0  stm32f10x_it.o(i.NMI_Handler)
    i.NVIC_Init                              0x08000e58   Section        0  misc.o(i.NVIC_Init)
    i.NVIC_PriorityGroupConfig               0x08000ec8   Section        0  misc.o(i.NVIC_PriorityGroupConfig)
    i.OutIo_Init                             0x08000edc   Section        0  io.o(i.OutIo_Init)
    i.PendSV_Handler                         0x08000f50   Section        0  stm32f10x_it.o(i.PendSV_Handler)
    i.RCC_APB1PeriphClockCmd                 0x08000f54   Section        0  stm32f10x_rcc.o(i.RCC_APB1PeriphClockCmd)
    i.RCC_APB2PeriphClockCmd                 0x08000f74   Section        0  stm32f10x_rcc.o(i.RCC_APB2PeriphClockCmd)
    i.RCC_GetClocksFreq                      0x08000f94   Section        0  stm32f10x_rcc.o(i.RCC_GetClocksFreq)
    i.Radar_Deal                             0x08001068   Section        0  io.o(i.Radar_Deal)
    i.ResisDown_Deal                         0x0800121c   Section        0  disp.o(i.ResisDown_Deal)
    i.ResisUp_Deal                           0x0800130c   Section        0  disp.o(i.ResisUp_Deal)
    i.SVC_Handler                            0x08001448   Section        0  stm32f10x_it.o(i.SVC_Handler)
    i.SetSysClock                            0x0800144a   Section        0  system_stm32f10x.o(i.SetSysClock)
    SetSysClock                              0x0800144b   Thumb Code     8  system_stm32f10x.o(i.SetSysClock)
    i.SetSysClockTo72                        0x08001454   Section        0  system_stm32f10x.o(i.SetSysClockTo72)
    SetSysClockTo72                          0x08001455   Thumb Code   214  system_stm32f10x.o(i.SetSysClockTo72)
    i.Start                                  0x08001534   Section        0  disp.o(i.Start)
    i.SysDelayHMSM                           0x080015e4   Section        0  disp.o(i.SysDelayHMSM)
    i.SysTick_Handler                        0x08001618   Section        0  stm32f10x_it.o(i.SysTick_Handler)
    i.SysWaitHMSM                            0x08001638   Section        0  disp.o(i.SysWaitHMSM)
    i.SystemInit                             0x08001684   Section        0  system_stm32f10x.o(i.SystemInit)
    i.TI1_Config                             0x080016e4   Section        0  stm32f10x_tim.o(i.TI1_Config)
    TI1_Config                               0x080016e5   Thumb Code   108  stm32f10x_tim.o(i.TI1_Config)
    i.TI2_Config                             0x08001764   Section        0  stm32f10x_tim.o(i.TI2_Config)
    TI2_Config                               0x08001765   Thumb Code   130  stm32f10x_tim.o(i.TI2_Config)
    i.TI3_Config                             0x080017fc   Section        0  stm32f10x_tim.o(i.TI3_Config)
    TI3_Config                               0x080017fd   Thumb Code   122  stm32f10x_tim.o(i.TI3_Config)
    i.TI4_Config                             0x0800188c   Section        0  stm32f10x_tim.o(i.TI4_Config)
    TI4_Config                               0x0800188d   Thumb Code   130  stm32f10x_tim.o(i.TI4_Config)
    i.TIM2_IRQHandler                        0x08001924   Section        0  stm32f10x_it.o(i.TIM2_IRQHandler)
    i.TIM2_Int_Init                          0x080019cc   Section        0  timer.o(i.TIM2_Int_Init)
    i.TIM3_Cap_Init                          0x08001a28   Section        0  timer.o(i.TIM3_Cap_Init)
    i.TIM3_IRQHandler                        0x08001afc   Section        0  stm32f10x_it.o(i.TIM3_IRQHandler)
    i.TIM4_IRQHandler                        0x08001c04   Section        0  stm32f10x_it.o(i.TIM4_IRQHandler)
    i.TIM_ClearITPendingBit                  0x08001ce4   Section        0  stm32f10x_tim.o(i.TIM_ClearITPendingBit)
    i.TIM_Cmd                                0x08001cea   Section        0  stm32f10x_tim.o(i.TIM_Cmd)
    i.TIM_GetCapture1                        0x08001d02   Section        0  stm32f10x_tim.o(i.TIM_GetCapture1)
    i.TIM_GetITStatus                        0x08001d08   Section        0  stm32f10x_tim.o(i.TIM_GetITStatus)
    i.TIM_ICInit                             0x08001d2c   Section        0  stm32f10x_tim.o(i.TIM_ICInit)
    i.TIM_ITConfig                           0x08001dd8   Section        0  stm32f10x_tim.o(i.TIM_ITConfig)
    i.TIM_OC1PolarityConfig                  0x08001dea   Section        0  stm32f10x_tim.o(i.TIM_OC1PolarityConfig)
    i.TIM_SetCounter                         0x08001dfc   Section        0  stm32f10x_tim.o(i.TIM_SetCounter)
    i.TIM_SetIC1Prescaler                    0x08001e00   Section        0  stm32f10x_tim.o(i.TIM_SetIC1Prescaler)
    i.TIM_SetIC2Prescaler                    0x08001e12   Section        0  stm32f10x_tim.o(i.TIM_SetIC2Prescaler)
    i.TIM_SetIC3Prescaler                    0x08001e2c   Section        0  stm32f10x_tim.o(i.TIM_SetIC3Prescaler)
    i.TIM_SetIC4Prescaler                    0x08001e3e   Section        0  stm32f10x_tim.o(i.TIM_SetIC4Prescaler)
    i.TIM_TimeBaseInit                       0x08001e58   Section        0  stm32f10x_tim.o(i.TIM_TimeBaseInit)
    i.Time1s                                 0x08001efc   Section        0  disp.o(i.Time1s)
    i.To_Lock_OFF                            0x08001f24   Section        0  interface.o(i.To_Lock_OFF)
    i.To_Lock_ON                             0x08001f4c   Section        0  interface.o(i.To_Lock_ON)
    i.To_Lock_send                           0x08001f78   Section        0  interface.o(i.To_Lock_send)
    i.USART1_IRQHandler                      0x08001fb0   Section        0  usart.o(i.USART1_IRQHandler)
    i.USART2_IRQHandler                      0x08002060   Section        0  usart.o(i.USART2_IRQHandler)
    i.USART3_IRQHandler                      0x0800211c   Section        0  usart.o(i.USART3_IRQHandler)
    i.USART_ClearITPendingBit                0x080021d8   Section        0  stm32f10x_usart.o(i.USART_ClearITPendingBit)
    i.USART_Cmd                              0x080021f6   Section        0  stm32f10x_usart.o(i.USART_Cmd)
    i.USART_GetFlagStatus                    0x0800220e   Section        0  stm32f10x_usart.o(i.USART_GetFlagStatus)
    i.USART_GetITStatus                      0x08002228   Section        0  stm32f10x_usart.o(i.USART_GetITStatus)
    i.USART_ITConfig                         0x0800227c   Section        0  stm32f10x_usart.o(i.USART_ITConfig)
    i.USART_Init                             0x080022c8   Section        0  stm32f10x_usart.o(i.USART_Init)
    i.USART_SendData                         0x080023a0   Section        0  stm32f10x_usart.o(i.USART_SendData)
    i.UartSend                               0x080023a8   Section        0  usart.o(i.UartSend)
    i.UpOK_Deal                              0x08002410   Section        0  disp.o(i.UpOK_Deal)
    i.Up_Deal                                0x080024d8   Section        0  disp.o(i.Up_Deal)
    i.UsageFault_Handler                     0x08002634   Section        0  stm32f10x_it.o(i.UsageFault_Handler)
    i._sys_exit                              0x08002638   Section        0  usart.o(i._sys_exit)
    i.init_main                              0x08002640   Section        0  disp.o(i.init_main)
    i.main                                   0x08002654   Section        0  main.o(i.main)
    i.uart_init                              0x0800272c   Section        0  usart.o(i.uart_init)
    i.voice_deal                             0x08002958   Section        0  disp.o(i.voice_deal)
    .data                                    0x20000000   Section       19  disp.o(.data)
    cmd_old                                  0x20000000   Data           1  disp.o(.data)
    voice_set                                0x20000001   Data           1  disp.o(.data)
    Count                                    0x20000002   Data           1  disp.o(.data)
    Time_en                                  0x20000003   Data           1  disp.o(.data)
    Count                                    0x20000004   Data           1  disp.o(.data)
    Time_en                                  0x20000005   Data           1  disp.o(.data)
    Count                                    0x20000006   Data           1  disp.o(.data)
    Time_en                                  0x20000007   Data           1  disp.o(.data)
    Count                                    0x20000008   Data           1  disp.o(.data)
    Time_en                                  0x20000009   Data           1  disp.o(.data)
    Count                                    0x2000000a   Data           1  disp.o(.data)
    Time_en                                  0x2000000b   Data           1  disp.o(.data)
    Count                                    0x2000000c   Data           1  disp.o(.data)
    Time_en                                  0x2000000d   Data           1  disp.o(.data)
    Count                                    0x2000000e   Data           1  disp.o(.data)
    Time_en                                  0x2000000f   Data           1  disp.o(.data)
    Count                                    0x20000010   Data           1  disp.o(.data)
    count                                    0x20000011   Data           1  disp.o(.data)
    limit                                    0x20000012   Data           1  disp.o(.data)
    .data                                    0x20000014   Section       20  global.o(.data)
    .data                                    0x20000028   Section        1  stm32f10x_it.o(.data)
    pwm_cnt                                  0x20000028   Data           1  stm32f10x_it.o(.data)
    .data                                    0x2000002c   Section       20  system_stm32f10x.o(.data)
    .data                                    0x20000040   Section        5  io.o(.data)
    key_check                                0x20000040   Data           1  io.o(.data)
    cmd_old                                  0x20000041   Data           1  io.o(.data)
    count_car                                0x20000042   Data           1  io.o(.data)
    car_store                                0x20000043   Data           1  io.o(.data)
    car_modle_old                            0x20000044   Data           1  io.o(.data)
    .data                                    0x20000048   Section       64  usart.o(.data)
    .data                                    0x20000088   Section      256  interface.o(.data)
    CRC8_TAB                                 0x20000088   Data         256  interface.o(.data)
    .data                                    0x20000188   Section       20  stm32f10x_rcc.o(.data)
    APBAHBPrescTable                         0x20000188   Data          16  stm32f10x_rcc.o(.data)
    ADCPrescTable                            0x20000198   Data           4  stm32f10x_rcc.o(.data)
    .bss                                     0x2000019c   Section       64  global.o(.bss)
    .bss                                     0x200001dc   Section       16  io.o(.bss)
    .bss                                     0x200001ec   Section      612  usart.o(.bss)
    .bss                                     0x20000450   Section       10  interface.o(.bss)
    .bss                                     0x2000045c   Section       96  libspace.o(.bss)
    HEAP                                     0x200004c0   Section      512  startup_stm32f10x_md.o(HEAP)
    Heap_Mem                                 0x200004c0   Data         512  startup_stm32f10x_md.o(HEAP)
    STACK                                    0x200006c0   Section     1024  startup_stm32f10x_md.o(STACK)
    Stack_Mem                                0x200006c0   Data        1024  startup_stm32f10x_md.o(STACK)
    __initial_sp                             0x20000ac0   Data           0  startup_stm32f10x_md.o(STACK)

    Global Symbols

    Symbol Name                              Value     Ov Type        Size  Object(Section)

    BuildAttributes$$THM_ISAv4$P$D$K$B$S$PE$A:L22UL41UL21$X:L11$S22US41US21$IEEE1$IW$USESV6$~STKCKD$USESV7$~SHL$OSPACE$ROPI$EBA8$UX$STANDARDLIB$REQ8$PRES8$EABIv2 0x00000000   Number         0  anon$$obj.o ABSOLUTE
    __ARM_use_no_argv                        0x00000000   Number         0  main.o ABSOLUTE
    __ARM_exceptions_init                     - Undefined Weak Reference
    __alloca_initialize                       - Undefined Weak Reference
    __arm_preinit_                            - Undefined Weak Reference
    __cpp_initialize__aeabi_                  - Undefined Weak Reference
    __cxa_finalize                            - Undefined Weak Reference
    __rt_locale                               - Undefined Weak Reference
    __sigvec_lookup                           - Undefined Weak Reference
    _atexit_init                              - Undefined Weak Reference
    _call_atexit_fns                          - Undefined Weak Reference
    _clock_init                               - Undefined Weak Reference
    _fp_trap_init                             - Undefined Weak Reference
    _fp_trap_shutdown                         - Undefined Weak Reference
    _get_lc_collate                           - Undefined Weak Reference
    _get_lc_ctype                             - Undefined Weak Reference
    _get_lc_monetary                          - Undefined Weak Reference
    _get_lc_numeric                           - Undefined Weak Reference
    _get_lc_time                              - Undefined Weak Reference
    _getenv_init                              - Undefined Weak Reference
    _handle_redirection                       - Undefined Weak Reference
    _init_alloc                               - Undefined Weak Reference
    _init_user_alloc                          - Undefined Weak Reference
    _initio                                   - Undefined Weak Reference
    _rand_init                                - Undefined Weak Reference
    _signal_finish                            - Undefined Weak Reference
    _signal_init                              - Undefined Weak Reference
    _terminate_alloc                          - Undefined Weak Reference
    _terminate_user_alloc                     - Undefined Weak Reference
    _terminateio                              - Undefined Weak Reference
    __Vectors_Size                           0x000000ec   Number         0  startup_stm32f10x_md.o ABSOLUTE
    __Vectors                                0x08000000   Data           4  startup_stm32f10x_md.o(RESET)
    __Vectors_End                            0x080000ec   Data           0  startup_stm32f10x_md.o(RESET)
    __main                                   0x080000ed   Thumb Code     8  __main.o(!!!main)
    __scatterload                            0x080000f5   Thumb Code     0  __scatter.o(!!!scatter)
    __scatterload_rt2                        0x080000f5   Thumb Code    44  __scatter.o(!!!scatter)
    __scatterload_rt2_thumb_only             0x080000f5   Thumb Code     0  __scatter.o(!!!scatter)
    __scatterload_null                       0x08000103   Thumb Code     0  __scatter.o(!!!scatter)
    __decompress                             0x08000129   Thumb Code    90  __dczerorl2.o(!!dczerorl2)
    __decompress1                            0x08000129   Thumb Code     0  __dczerorl2.o(!!dczerorl2)
    __scatterload_zeroinit                   0x08000185   Thumb Code    28  __scatter_zi.o(!!handler_zi)
    __rt_lib_init                            0x080001a1   Thumb Code     0  libinit.o(.ARM.Collect$$libinit$$00000000)
    __rt_lib_init_alloca_1                   0x080001a3   Thumb Code     0  libinit2.o(.ARM.Collect$$libinit$$0000002E)
    __rt_lib_init_argv_1                     0x080001a3   Thumb Code     0  libinit2.o(.ARM.Collect$$libinit$$0000002C)
    __rt_lib_init_atexit_1                   0x080001a3   Thumb Code     0  libinit2.o(.ARM.Collect$$libinit$$0000001B)
    __rt_lib_init_clock_1                    0x080001a3   Thumb Code     0  libinit2.o(.ARM.Collect$$libinit$$00000021)
    __rt_lib_init_cpp_1                      0x080001a3   Thumb Code     0  libinit2.o(.ARM.Collect$$libinit$$00000032)
    __rt_lib_init_exceptions_1               0x080001a3   Thumb Code     0  libinit2.o(.ARM.Collect$$libinit$$00000030)
    __rt_lib_init_fp_1                       0x080001a3   Thumb Code     0  libinit2.o(.ARM.Collect$$libinit$$00000002)
    __rt_lib_init_fp_trap_1                  0x080001a3   Thumb Code     0  libinit2.o(.ARM.Collect$$libinit$$0000001F)
    __rt_lib_init_getenv_1                   0x080001a3   Thumb Code     0  libinit2.o(.ARM.Collect$$libinit$$00000023)
    __rt_lib_init_heap_1                     0x080001a3   Thumb Code     0  libinit2.o(.ARM.Collect$$libinit$$0000000A)
    __rt_lib_init_lc_collate_1               0x080001a3   Thumb Code     0  libinit2.o(.ARM.Collect$$libinit$$00000011)
    __rt_lib_init_lc_ctype_1                 0x080001a3   Thumb Code     0  libinit2.o(.ARM.Collect$$libinit$$00000013)
    __rt_lib_init_lc_monetary_1              0x080001a3   Thumb Code     0  libinit2.o(.ARM.Collect$$libinit$$00000015)
    __rt_lib_init_lc_numeric_1               0x080001a3   Thumb Code     0  libinit2.o(.ARM.Collect$$libinit$$00000017)
    __rt_lib_init_lc_time_1                  0x080001a3   Thumb Code     0  libinit2.o(.ARM.Collect$$libinit$$00000019)
    __rt_lib_init_preinit_1                  0x080001a3   Thumb Code     0  libinit2.o(.ARM.Collect$$libinit$$00000004)
    __rt_lib_init_rand_1                     0x080001a3   Thumb Code     0  libinit2.o(.ARM.Collect$$libinit$$0000000E)
    __rt_lib_init_return                     0x080001a3   Thumb Code     0  libinit2.o(.ARM.Collect$$libinit$$00000033)
    __rt_lib_init_signal_1                   0x080001a3   Thumb Code     0  libinit2.o(.ARM.Collect$$libinit$$0000001D)
    __rt_lib_init_stdio_1                    0x080001a3   Thumb Code     0  libinit2.o(.ARM.Collect$$libinit$$00000025)
    __rt_lib_init_user_alloc_1               0x080001a3   Thumb Code     0  libinit2.o(.ARM.Collect$$libinit$$0000000C)
    __rt_lib_shutdown                        0x080001a5   Thumb Code     0  libshutdown.o(.ARM.Collect$$libshutdown$$00000000)
    __rt_lib_shutdown_fp_trap_1              0x080001a7   Thumb Code     0  libshutdown2.o(.ARM.Collect$$libshutdown$$00000006)
    __rt_lib_shutdown_heap_1                 0x080001a7   Thumb Code     0  libshutdown2.o(.ARM.Collect$$libshutdown$$0000000E)
    __rt_lib_shutdown_return                 0x080001a7   Thumb Code     0  libshutdown2.o(.ARM.Collect$$libshutdown$$0000000F)
    __rt_lib_shutdown_signal_1               0x080001a7   Thumb Code     0  libshutdown2.o(.ARM.Collect$$libshutdown$$00000009)
    __rt_lib_shutdown_stdio_1                0x080001a7   Thumb Code     0  libshutdown2.o(.ARM.Collect$$libshutdown$$00000003)
    __rt_lib_shutdown_user_alloc_1           0x080001a7   Thumb Code     0  libshutdown2.o(.ARM.Collect$$libshutdown$$0000000B)
    __rt_entry                               0x080001a9   Thumb Code     0  __rtentry.o(.ARM.Collect$$rtentry$$00000000)
    __rt_entry_presh_1                       0x080001a9   Thumb Code     0  __rtentry2.o(.ARM.Collect$$rtentry$$00000002)
    __rt_entry_sh                            0x080001a9   Thumb Code     0  __rtentry4.o(.ARM.Collect$$rtentry$$00000004)
    __rt_entry_li                            0x080001af   Thumb Code     0  __rtentry2.o(.ARM.Collect$$rtentry$$0000000A)
    __rt_entry_postsh_1                      0x080001af   Thumb Code     0  __rtentry2.o(.ARM.Collect$$rtentry$$00000009)
    __rt_entry_main                          0x080001b3   Thumb Code     0  __rtentry2.o(.ARM.Collect$$rtentry$$0000000D)
    __rt_entry_postli_1                      0x080001b3   Thumb Code     0  __rtentry2.o(.ARM.Collect$$rtentry$$0000000C)
    __rt_exit                                0x080001bb   Thumb Code     0  rtexit.o(.ARM.Collect$$rtexit$$00000000)
    __rt_exit_ls                             0x080001bd   Thumb Code     0  rtexit2.o(.ARM.Collect$$rtexit$$00000003)
    __rt_exit_prels_1                        0x080001bd   Thumb Code     0  rtexit2.o(.ARM.Collect$$rtexit$$00000002)
    __rt_exit_exit                           0x080001c1   Thumb Code     0  rtexit2.o(.ARM.Collect$$rtexit$$00000004)
    Reset_Handler                            0x080001c9   Thumb Code     8  startup_stm32f10x_md.o(.text)
    ADC1_2_IRQHandler                        0x080001e3   Thumb Code     0  startup_stm32f10x_md.o(.text)
    CAN1_RX1_IRQHandler                      0x080001e3   Thumb Code     0  startup_stm32f10x_md.o(.text)
    CAN1_SCE_IRQHandler                      0x080001e3   Thumb Code     0  startup_stm32f10x_md.o(.text)
    DMA1_Channel1_IRQHandler                 0x080001e3   Thumb Code     0  startup_stm32f10x_md.o(.text)
    DMA1_Channel2_IRQHandler                 0x080001e3   Thumb Code     0  startup_stm32f10x_md.o(.text)
    DMA1_Channel3_IRQHandler                 0x080001e3   Thumb Code     0  startup_stm32f10x_md.o(.text)
    DMA1_Channel4_IRQHandler                 0x080001e3   Thumb Code     0  startup_stm32f10x_md.o(.text)
    DMA1_Channel5_IRQHandler                 0x080001e3   Thumb Code     0  startup_stm32f10x_md.o(.text)
    DMA1_Channel6_IRQHandler                 0x080001e3   Thumb Code     0  startup_stm32f10x_md.o(.text)
    DMA1_Channel7_IRQHandler                 0x080001e3   Thumb Code     0  startup_stm32f10x_md.o(.text)
    EXTI0_IRQHandler                         0x080001e3   Thumb Code     0  startup_stm32f10x_md.o(.text)
    EXTI15_10_IRQHandler                     0x080001e3   Thumb Code     0  startup_stm32f10x_md.o(.text)
    EXTI1_IRQHandler                         0x080001e3   Thumb Code     0  startup_stm32f10x_md.o(.text)
    EXTI2_IRQHandler                         0x080001e3   Thumb Code     0  startup_stm32f10x_md.o(.text)
    EXTI3_IRQHandler                         0x080001e3   Thumb Code     0  startup_stm32f10x_md.o(.text)
    EXTI4_IRQHandler                         0x080001e3   Thumb Code     0  startup_stm32f10x_md.o(.text)
    EXTI9_5_IRQHandler                       0x080001e3   Thumb Code     0  startup_stm32f10x_md.o(.text)
    FLASH_IRQHandler                         0x080001e3   Thumb Code     0  startup_stm32f10x_md.o(.text)
    I2C1_ER_IRQHandler                       0x080001e3   Thumb Code     0  startup_stm32f10x_md.o(.text)
    I2C1_EV_IRQHandler                       0x080001e3   Thumb Code     0  startup_stm32f10x_md.o(.text)
    I2C2_ER_IRQHandler                       0x080001e3   Thumb Code     0  startup_stm32f10x_md.o(.text)
    I2C2_EV_IRQHandler                       0x080001e3   Thumb Code     0  startup_stm32f10x_md.o(.text)
    PVD_IRQHandler                           0x080001e3   Thumb Code     0  startup_stm32f10x_md.o(.text)
    RCC_IRQHandler                           0x080001e3   Thumb Code     0  startup_stm32f10x_md.o(.text)
    RTCAlarm_IRQHandler                      0x080001e3   Thumb Code     0  startup_stm32f10x_md.o(.text)
    RTC_IRQHandler                           0x080001e3   Thumb Code     0  startup_stm32f10x_md.o(.text)
    SPI1_IRQHandler                          0x080001e3   Thumb Code     0  startup_stm32f10x_md.o(.text)
    SPI2_IRQHandler                          0x080001e3   Thumb Code     0  startup_stm32f10x_md.o(.text)
    TAMPER_IRQHandler                        0x080001e3   Thumb Code     0  startup_stm32f10x_md.o(.text)
    TIM1_BRK_IRQHandler                      0x080001e3   Thumb Code     0  startup_stm32f10x_md.o(.text)
    TIM1_CC_IRQHandler                       0x080001e3   Thumb Code     0  startup_stm32f10x_md.o(.text)
    TIM1_TRG_COM_IRQHandler                  0x080001e3   Thumb Code     0  startup_stm32f10x_md.o(.text)
    TIM1_UP_IRQHandler                       0x080001e3   Thumb Code     0  startup_stm32f10x_md.o(.text)
    USBWakeUp_IRQHandler                     0x080001e3   Thumb Code     0  startup_stm32f10x_md.o(.text)
    USB_HP_CAN1_TX_IRQHandler                0x080001e3   Thumb Code     0  startup_stm32f10x_md.o(.text)
    USB_LP_CAN1_RX0_IRQHandler               0x080001e3   Thumb Code     0  startup_stm32f10x_md.o(.text)
    WWDG_IRQHandler                          0x080001e3   Thumb Code     0  startup_stm32f10x_md.o(.text)
    __user_initial_stackheap                 0x080001e5   Thumb Code     0  startup_stm32f10x_md.o(.text)
    __use_no_semihosting                     0x08000209   Thumb Code     2  use_no_semi_2.o(.text)
    __aeabi_memset                           0x0800020b   Thumb Code    16  aeabi_memset.o(.text)
    __use_two_region_memory                  0x0800021b   Thumb Code     2  heapauxi.o(.text)
    __rt_heap_escrow$2region                 0x0800021d   Thumb Code     2  heapauxi.o(.text)
    __rt_heap_expand$2region                 0x0800021f   Thumb Code     2  heapauxi.o(.text)
    __I$use$semihosting                      0x08000221   Thumb Code     0  use_no_semi.o(.text)
    __use_no_semihosting_swi                 0x08000221   Thumb Code     2  use_no_semi.o(.text)
    __aeabi_memclr                           0x08000223   Thumb Code     0  rt_memclr.o(.text)
    __rt_memclr                              0x08000223   Thumb Code    68  rt_memclr.o(.text)
    _memset                                  0x08000227   Thumb Code     0  rt_memclr.o(.text)
    __aeabi_memclr4                          0x08000267   Thumb Code     0  rt_memclr_w.o(.text)
    __aeabi_memclr8                          0x08000267   Thumb Code     0  rt_memclr_w.o(.text)
    __rt_memclr_w                            0x08000267   Thumb Code    78  rt_memclr_w.o(.text)
    _memset_w                                0x0800026b   Thumb Code     0  rt_memclr_w.o(.text)
    __user_setup_stackheap                   0x080002b5   Thumb Code    74  sys_stackheap_outer.o(.text)
    exit                                     0x080002ff   Thumb Code    12  exit.o(.text)
    __user_libspace                          0x0800030d   Thumb Code     8  libspace.o(.text)
    __user_perproc_libspace                  0x0800030d   Thumb Code     0  libspace.o(.text)
    __user_perthread_libspace                0x0800030d   Thumb Code     0  libspace.o(.text)
    BusFault_Handler                         0x08000315   Thumb Code     4  stm32f10x_it.o(i.BusFault_Handler)
    CRC8                                     0x08000319   Thumb Code    32  interface.o(i.CRC8)
    Cmd_Analy                                0x0800033d   Thumb Code   156  disp.o(i.Cmd_Analy)
    DebugMon_Handler                         0x080003e9   Thumb Code     2  stm32f10x_it.o(i.DebugMon_Handler)
    DownOK_Deal                              0x080003ed   Thumb Code   148  disp.o(i.DownOK_Deal)
    Down_Deal                                0x08000495   Thumb Code   278  disp.o(i.Down_Deal)
    GL_Forced                                0x080005cd   Thumb Code   138  disp.o(i.GL_Forced)
    GL_main                                  0x08000669   Thumb Code    74  disp.o(i.GL_main)
    GPIO_Init                                0x080006bd   Thumb Code   278  stm32f10x_gpio.o(i.GPIO_Init)
    GPIO_PinRemapConfig                      0x080007d5   Thumb Code   138  stm32f10x_gpio.o(i.GPIO_PinRemapConfig)
    GPIO_ReadInputDataBit                    0x08000865   Thumb Code    18  stm32f10x_gpio.o(i.GPIO_ReadInputDataBit)
    GPIO_ResetBits                           0x08000877   Thumb Code     4  stm32f10x_gpio.o(i.GPIO_ResetBits)
    GPIO_SetBits                             0x0800087b   Thumb Code     4  stm32f10x_gpio.o(i.GPIO_SetBits)
    Get_To_Car_Sts                           0x08000881   Thumb Code    92  interface.o(i.Get_To_Car_Sts)
    Get_To_Err_Sts                           0x080008e9   Thumb Code   110  interface.o(i.Get_To_Err_Sts)
    Get_To_Lock_Sts                          0x08000965   Thumb Code   100  interface.o(i.Get_To_Lock_Sts)
    HardFault_Handler                        0x080009d5   Thumb Code     4  stm32f10x_it.o(i.HardFault_Handler)
    IO_Init                                  0x080009d9   Thumb Code    12  io.o(i.IO_Init)
    IO_Main                                  0x080009e5   Thumb Code    18  io.o(i.IO_Main)
    Interface                                0x080009fd   Thumb Code   152  interface.o(i.Interface)
    KEY_Init                                 0x08000aa1   Thumb Code   122  io.o(i.KEY_Init)
    KEY_Scan                                 0x08000b25   Thumb Code   488  io.o(i.KEY_Scan)
    LED_OFF                                  0x08000d21   Thumb Code    16  io.o(i.LED_OFF)
    Lock_Deal                                0x08000d31   Thumb Code   134  disp.o(i.Lock_Deal)
    Lock_OFF                                 0x08000dd1   Thumb Code    16  io.o(i.Lock_OFF)
    Lock_ON                                  0x08000de1   Thumb Code    16  io.o(i.Lock_ON)
    MemManage_Handler                        0x08000df1   Thumb Code     4  stm32f10x_it.o(i.MemManage_Handler)
    Motor_Driver                             0x08000df5   Thumb Code    80  disp.o(i.Motor_Driver)
    NMI_Handler                              0x08000e55   Thumb Code     2  stm32f10x_it.o(i.NMI_Handler)
    NVIC_Init                                0x08000e59   Thumb Code   100  misc.o(i.NVIC_Init)
    NVIC_PriorityGroupConfig                 0x08000ec9   Thumb Code    10  misc.o(i.NVIC_PriorityGroupConfig)
    OutIo_Init                               0x08000edd   Thumb Code   108  io.o(i.OutIo_Init)
    PendSV_Handler                           0x08000f51   Thumb Code     2  stm32f10x_it.o(i.PendSV_Handler)
    RCC_APB1PeriphClockCmd                   0x08000f55   Thumb Code    26  stm32f10x_rcc.o(i.RCC_APB1PeriphClockCmd)
    RCC_APB2PeriphClockCmd                   0x08000f75   Thumb Code    26  stm32f10x_rcc.o(i.RCC_APB2PeriphClockCmd)
    RCC_GetClocksFreq                        0x08000f95   Thumb Code   192  stm32f10x_rcc.o(i.RCC_GetClocksFreq)
    Radar_Deal                               0x08001069   Thumb Code   400  io.o(i.Radar_Deal)
    ResisDown_Deal                           0x0800121d   Thumb Code   220  disp.o(i.ResisDown_Deal)
    ResisUp_Deal                             0x0800130d   Thumb Code   292  disp.o(i.ResisUp_Deal)
    SVC_Handler                              0x08001449   Thumb Code     2  stm32f10x_it.o(i.SVC_Handler)
    Start                                    0x08001535   Thumb Code   150  disp.o(i.Start)
    SysDelayHMSM                             0x080015e5   Thumb Code    42  disp.o(i.SysDelayHMSM)
    SysTick_Handler                          0x08001619   Thumb Code    22  stm32f10x_it.o(i.SysTick_Handler)
    SysWaitHMSM                              0x08001639   Thumb Code    62  disp.o(i.SysWaitHMSM)
    SystemInit                               0x08001685   Thumb Code    78  system_stm32f10x.o(i.SystemInit)
    TIM2_IRQHandler                          0x08001925   Thumb Code   146  stm32f10x_it.o(i.TIM2_IRQHandler)
    TIM2_Int_Init                            0x080019cd   Thumb Code    92  timer.o(i.TIM2_Int_Init)
    TIM3_Cap_Init                            0x08001a29   Thumb Code   194  timer.o(i.TIM3_Cap_Init)
    TIM3_IRQHandler                          0x08001afd   Thumb Code   246  stm32f10x_it.o(i.TIM3_IRQHandler)
    TIM4_IRQHandler                          0x08001c05   Thumb Code   214  stm32f10x_it.o(i.TIM4_IRQHandler)
    TIM_ClearITPendingBit                    0x08001ce5   Thumb Code     6  stm32f10x_tim.o(i.TIM_ClearITPendingBit)
    TIM_Cmd                                  0x08001ceb   Thumb Code    24  stm32f10x_tim.o(i.TIM_Cmd)
    TIM_GetCapture1                          0x08001d03   Thumb Code     6  stm32f10x_tim.o(i.TIM_GetCapture1)
    TIM_GetITStatus                          0x08001d09   Thumb Code    34  stm32f10x_tim.o(i.TIM_GetITStatus)
    TIM_ICInit                               0x08001d2d   Thumb Code   150  stm32f10x_tim.o(i.TIM_ICInit)
    TIM_ITConfig                             0x08001dd9   Thumb Code    18  stm32f10x_tim.o(i.TIM_ITConfig)
    TIM_OC1PolarityConfig                    0x08001deb   Thumb Code    18  stm32f10x_tim.o(i.TIM_OC1PolarityConfig)
    TIM_SetCounter                           0x08001dfd   Thumb Code     4  stm32f10x_tim.o(i.TIM_SetCounter)
    TIM_SetIC1Prescaler                      0x08001e01   Thumb Code    18  stm32f10x_tim.o(i.TIM_SetIC1Prescaler)
    TIM_SetIC2Prescaler                      0x08001e13   Thumb Code    26  stm32f10x_tim.o(i.TIM_SetIC2Prescaler)
    TIM_SetIC3Prescaler                      0x08001e2d   Thumb Code    18  stm32f10x_tim.o(i.TIM_SetIC3Prescaler)
    TIM_SetIC4Prescaler                      0x08001e3f   Thumb Code    26  stm32f10x_tim.o(i.TIM_SetIC4Prescaler)
    TIM_TimeBaseInit                         0x08001e59   Thumb Code   122  stm32f10x_tim.o(i.TIM_TimeBaseInit)
    Time1s                                   0x08001efd   Thumb Code    32  disp.o(i.Time1s)
    To_Lock_OFF                              0x08001f25   Thumb Code    32  interface.o(i.To_Lock_OFF)
    To_Lock_ON                               0x08001f4d   Thumb Code    34  interface.o(i.To_Lock_ON)
    To_Lock_send                             0x08001f79   Thumb Code    54  interface.o(i.To_Lock_send)
    USART1_IRQHandler                        0x08001fb1   Thumb Code   168  usart.o(i.USART1_IRQHandler)
    USART2_IRQHandler                        0x08002061   Thumb Code   178  usart.o(i.USART2_IRQHandler)
    USART3_IRQHandler                        0x0800211d   Thumb Code   178  usart.o(i.USART3_IRQHandler)
    USART_ClearITPendingBit                  0x080021d9   Thumb Code    30  stm32f10x_usart.o(i.USART_ClearITPendingBit)
    USART_Cmd                                0x080021f7   Thumb Code    24  stm32f10x_usart.o(i.USART_Cmd)
    USART_GetFlagStatus                      0x0800220f   Thumb Code    26  stm32f10x_usart.o(i.USART_GetFlagStatus)
    USART_GetITStatus                        0x08002229   Thumb Code    84  stm32f10x_usart.o(i.USART_GetITStatus)
    USART_ITConfig                           0x0800227d   Thumb Code    74  stm32f10x_usart.o(i.USART_ITConfig)
    USART_Init                               0x080022c9   Thumb Code   210  stm32f10x_usart.o(i.USART_Init)
    USART_SendData                           0x080023a1   Thumb Code     8  stm32f10x_usart.o(i.USART_SendData)
    UartSend                                 0x080023a9   Thumb Code    94  usart.o(i.UartSend)
    UpOK_Deal                                0x08002411   Thumb Code   178  disp.o(i.UpOK_Deal)
    Up_Deal                                  0x080024d9   Thumb Code   314  disp.o(i.Up_Deal)
    UsageFault_Handler                       0x08002635   Thumb Code     4  stm32f10x_it.o(i.UsageFault_Handler)
    _sys_exit                                0x08002639   Thumb Code     6  usart.o(i._sys_exit)
    init_main                                0x08002641   Thumb Code    12  disp.o(i.init_main)
    main                                     0x08002655   Thumb Code   192  main.o(i.main)
    uart_init                                0x0800272d   Thumb Code   534  usart.o(i.uart_init)
    voice_deal                               0x08002959   Thumb Code   420  disp.o(i.voice_deal)
    Region$$Table$$Base                      0x08002b14   Number         0  anon$$obj.o(Region$$Table)
    Region$$Table$$Limit                     0x08002b34   Number         0  anon$$obj.o(Region$$Table)
    cmd                                      0x20000014   Data           6  global.o(.data)
    key                                      0x2000001a   Data           1  global.o(.data)
    CAR_MODLE                                0x2000001b   Data           1  global.o(.data)
    SysTickCnt                               0x2000001c   Data           4  global.o(.data)
    Sys_Tick_Count                           0x20000020   Data           4  global.o(.data)
    Sys_Tick_1s                              0x20000024   Data           4  global.o(.data)
    SystemCoreClock                          0x2000002c   Data           4  system_stm32f10x.o(.data)
    AHBPrescTable                            0x20000030   Data          16  system_stm32f10x.o(.data)
    __stdout                                 0x20000048   Data           4  usart.o(.data)
    YY_CMD                                   0x2000004c   Data          60  usart.o(.data)
    sts                                      0x2000019c   Data          24  global.o(.bss)
    SysWait_Times                            0x200001b4   Data          40  global.o(.bss)
    radar                                    0x200001dc   Data          16  io.o(.bss)
    uart                                     0x200001ec   Data         612  usart.o(.bss)
    to_lock_rbuf                             0x20000450   Data          10  interface.o(.bss)
    __libspace_start                         0x2000045c   Data          96  libspace.o(.bss)
    __temporary_stack_top$libspace           0x200004bc   Data           0  libspace.o(.bss)



==============================================================================

Memory Map of the image

  Image Entry point : 0x080000ed

  Load Region LR_IROM1 (Base: 0x08000000, Size: 0x00002cd0, Max: 0x00010000, ABSOLUTE, COMPRESSED[0x00002c84])

    Execution Region ER_IROM1 (Base: 0x08000000, Size: 0x00002b34, Max: 0x00010000, ABSOLUTE)

    Base Addr    Size         Type   Attr      Idx    E Section Name        Object

    0x08000000   0x000000ec   Data   RO         2627    RESET               startup_stm32f10x_md.o
    0x080000ec   0x00000008   Code   RO         2640  * !!!main             c_w.l(__main.o)
    0x080000f4   0x00000034   Code   RO         2800    !!!scatter          c_w.l(__scatter.o)
    0x08000128   0x0000005a   Code   RO         2798    !!dczerorl2         c_w.l(__dczerorl2.o)
    0x08000182   0x00000002   PAD
    0x08000184   0x0000001c   Code   RO         2802    !!handler_zi        c_w.l(__scatter_zi.o)
    0x080001a0   0x00000002   Code   RO         2673    .ARM.Collect$$libinit$$00000000  c_w.l(libinit.o)
    0x080001a2   0x00000000   Code   RO         2680    .ARM.Collect$$libinit$$00000002  c_w.l(libinit2.o)
    0x080001a2   0x00000000   Code   RO         2682    .ARM.Collect$$libinit$$00000004  c_w.l(libinit2.o)
    0x080001a2   0x00000000   Code   RO         2685    .ARM.Collect$$libinit$$0000000A  c_w.l(libinit2.o)
    0x080001a2   0x00000000   Code   RO         2687    .ARM.Collect$$libinit$$0000000C  c_w.l(libinit2.o)
    0x080001a2   0x00000000   Code   RO         2689    .ARM.Collect$$libinit$$0000000E  c_w.l(libinit2.o)
    0x080001a2   0x00000000   Code   RO         2692    .ARM.Collect$$libinit$$00000011  c_w.l(libinit2.o)
    0x080001a2   0x00000000   Code   RO         2694    .ARM.Collect$$libinit$$00000013  c_w.l(libinit2.o)
    0x080001a2   0x00000000   Code   RO         2696    .ARM.Collect$$libinit$$00000015  c_w.l(libinit2.o)
    0x080001a2   0x00000000   Code   RO         2698    .ARM.Collect$$libinit$$00000017  c_w.l(libinit2.o)
    0x080001a2   0x00000000   Code   RO         2700    .ARM.Collect$$libinit$$00000019  c_w.l(libinit2.o)
    0x080001a2   0x00000000   Code   RO         2702    .ARM.Collect$$libinit$$0000001B  c_w.l(libinit2.o)
    0x080001a2   0x00000000   Code   RO         2704    .ARM.Collect$$libinit$$0000001D  c_w.l(libinit2.o)
    0x080001a2   0x00000000   Code   RO         2706    .ARM.Collect$$libinit$$0000001F  c_w.l(libinit2.o)
    0x080001a2   0x00000000   Code   RO         2708    .ARM.Collect$$libinit$$00000021  c_w.l(libinit2.o)
    0x080001a2   0x00000000   Code   RO         2710    .ARM.Collect$$libinit$$00000023  c_w.l(libinit2.o)
    0x080001a2   0x00000000   Code   RO         2712    .ARM.Collect$$libinit$$00000025  c_w.l(libinit2.o)
    0x080001a2   0x00000000   Code   RO         2716    .ARM.Collect$$libinit$$0000002C  c_w.l(libinit2.o)
    0x080001a2   0x00000000   Code   RO         2718    .ARM.Collect$$libinit$$0000002E  c_w.l(libinit2.o)
    0x080001a2   0x00000000   Code   RO         2720    .ARM.Collect$$libinit$$00000030  c_w.l(libinit2.o)
    0x080001a2   0x00000000   Code   RO         2722    .ARM.Collect$$libinit$$00000032  c_w.l(libinit2.o)
    0x080001a2   0x00000002   Code   RO         2723    .ARM.Collect$$libinit$$00000033  c_w.l(libinit2.o)
    0x080001a4   0x00000002   Code   RO         2741    .ARM.Collect$$libshutdown$$00000000  c_w.l(libshutdown.o)
    0x080001a6   0x00000000   Code   RO         2752    .ARM.Collect$$libshutdown$$00000003  c_w.l(libshutdown2.o)
    0x080001a6   0x00000000   Code   RO         2755    .ARM.Collect$$libshutdown$$00000006  c_w.l(libshutdown2.o)
    0x080001a6   0x00000000   Code   RO         2758    .ARM.Collect$$libshutdown$$00000009  c_w.l(libshutdown2.o)
    0x080001a6   0x00000000   Code   RO         2760    .ARM.Collect$$libshutdown$$0000000B  c_w.l(libshutdown2.o)
    0x080001a6   0x00000000   Code   RO         2763    .ARM.Collect$$libshutdown$$0000000E  c_w.l(libshutdown2.o)
    0x080001a6   0x00000002   Code   RO         2764    .ARM.Collect$$libshutdown$$0000000F  c_w.l(libshutdown2.o)
    0x080001a8   0x00000000   Code   RO         2644    .ARM.Collect$$rtentry$$00000000  c_w.l(__rtentry.o)
    0x080001a8   0x00000000   Code   RO         2648    .ARM.Collect$$rtentry$$00000002  c_w.l(__rtentry2.o)
    0x080001a8   0x00000006   Code   RO         2660    .ARM.Collect$$rtentry$$00000004  c_w.l(__rtentry4.o)
    0x080001ae   0x00000000   Code   RO         2650    .ARM.Collect$$rtentry$$00000009  c_w.l(__rtentry2.o)
    0x080001ae   0x00000004   Code   RO         2651    .ARM.Collect$$rtentry$$0000000A  c_w.l(__rtentry2.o)
    0x080001b2   0x00000000   Code   RO         2653    .ARM.Collect$$rtentry$$0000000C  c_w.l(__rtentry2.o)
    0x080001b2   0x00000008   Code   RO         2654    .ARM.Collect$$rtentry$$0000000D  c_w.l(__rtentry2.o)
    0x080001ba   0x00000002   Code   RO         2677    .ARM.Collect$$rtexit$$00000000  c_w.l(rtexit.o)
    0x080001bc   0x00000000   Code   RO         2725    .ARM.Collect$$rtexit$$00000002  c_w.l(rtexit2.o)
    0x080001bc   0x00000004   Code   RO         2726    .ARM.Collect$$rtexit$$00000003  c_w.l(rtexit2.o)
    0x080001c0   0x00000006   Code   RO         2727    .ARM.Collect$$rtexit$$00000004  c_w.l(rtexit2.o)
    0x080001c6   0x00000002   PAD
    0x080001c8   0x00000040   Code   RO         2628    .text               startup_stm32f10x_md.o
    0x08000208   0x00000002   Code   RO         2634    .text               c_w.l(use_no_semi_2.o)
    0x0800020a   0x00000010   Code   RO         2636    .text               c_w.l(aeabi_memset.o)
    0x0800021a   0x00000006   Code   RO         2638    .text               c_w.l(heapauxi.o)
    0x08000220   0x00000002   Code   RO         2642    .text               c_w.l(use_no_semi.o)
    0x08000222   0x00000044   Code   RO         2645    .text               c_w.l(rt_memclr.o)
    0x08000266   0x0000004e   Code   RO         2662    .text               c_w.l(rt_memclr_w.o)
    0x080002b4   0x0000004a   Code   RO         2664    .text               c_w.l(sys_stackheap_outer.o)
    0x080002fe   0x0000000c   Code   RO         2666    .text               c_w.l(exit.o)
    0x0800030a   0x00000002   PAD
    0x0800030c   0x00000008   Code   RO         2674    .text               c_w.l(libspace.o)
    0x08000314   0x00000004   Code   RO          286    i.BusFault_Handler  stm32f10x_it.o
    0x08000318   0x00000024   Code   RO          669    i.CRC8              interface.o
    0x0800033c   0x000000ac   Code   RO          146    i.Cmd_Analy         disp.o
    0x080003e8   0x00000002   Code   RO          287    i.DebugMon_Handler  stm32f10x_it.o
    0x080003ea   0x00000002   PAD
    0x080003ec   0x000000a8   Code   RO          147    i.DownOK_Deal       disp.o
    0x08000494   0x00000138   Code   RO          148    i.Down_Deal         disp.o
    0x080005cc   0x0000009c   Code   RO          149    i.GL_Forced         disp.o
    0x08000668   0x00000054   Code   RO          150    i.GL_main           disp.o
    0x080006bc   0x00000116   Code   RO         1333    i.GPIO_Init         stm32f10x_gpio.o
    0x080007d2   0x00000002   PAD
    0x080007d4   0x00000090   Code   RO         1335    i.GPIO_PinRemapConfig  stm32f10x_gpio.o
    0x08000864   0x00000012   Code   RO         1337    i.GPIO_ReadInputDataBit  stm32f10x_gpio.o
    0x08000876   0x00000004   Code   RO         1340    i.GPIO_ResetBits    stm32f10x_gpio.o
    0x0800087a   0x00000004   Code   RO         1341    i.GPIO_SetBits      stm32f10x_gpio.o
    0x0800087e   0x00000002   PAD
    0x08000880   0x00000068   Code   RO          670    i.Get_To_Car_Sts    interface.o
    0x080008e8   0x0000007c   Code   RO          671    i.Get_To_Err_Sts    interface.o
    0x08000964   0x00000070   Code   RO          672    i.Get_To_Lock_Sts   interface.o
    0x080009d4   0x00000004   Code   RO          288    i.HardFault_Handler  stm32f10x_it.o
    0x080009d8   0x0000000c   Code   RO          464    i.IO_Init           io.o
    0x080009e4   0x00000018   Code   RO          465    i.IO_Main           io.o
    0x080009fc   0x000000a4   Code   RO          673    i.Interface         interface.o
    0x08000aa0   0x00000084   Code   RO          466    i.KEY_Init          io.o
    0x08000b24   0x000001fc   Code   RO          467    i.KEY_Scan          io.o
    0x08000d20   0x00000010   Code   RO          468    i.LED_OFF           io.o
    0x08000d30   0x000000a0   Code   RO          151    i.Lock_Deal         disp.o
    0x08000dd0   0x00000010   Code   RO          470    i.Lock_OFF          io.o
    0x08000de0   0x00000010   Code   RO          471    i.Lock_ON           io.o
    0x08000df0   0x00000004   Code   RO          289    i.MemManage_Handler  stm32f10x_it.o
    0x08000df4   0x00000060   Code   RO          152    i.Motor_Driver      disp.o
    0x08000e54   0x00000002   Code   RO          290    i.NMI_Handler       stm32f10x_it.o
    0x08000e56   0x00000002   PAD
    0x08000e58   0x00000070   Code   RO          727    i.NVIC_Init         misc.o
    0x08000ec8   0x00000014   Code   RO          728    i.NVIC_PriorityGroupConfig  misc.o
    0x08000edc   0x00000074   Code   RO          472    i.OutIo_Init        io.o
    0x08000f50   0x00000002   Code   RO          291    i.PendSV_Handler    stm32f10x_it.o
    0x08000f52   0x00000002   PAD
    0x08000f54   0x00000020   Code   RO         1545    i.RCC_APB1PeriphClockCmd  stm32f10x_rcc.o
    0x08000f74   0x00000020   Code   RO         1547    i.RCC_APB2PeriphClockCmd  stm32f10x_rcc.o
    0x08000f94   0x000000d4   Code   RO         1555    i.RCC_GetClocksFreq  stm32f10x_rcc.o
    0x08001068   0x000001b4   Code   RO          473    i.Radar_Deal        io.o
    0x0800121c   0x000000f0   Code   RO          153    i.ResisDown_Deal    disp.o
    0x0800130c   0x0000013c   Code   RO          154    i.ResisUp_Deal      disp.o
    0x08001448   0x00000002   Code   RO          292    i.SVC_Handler       stm32f10x_it.o
    0x0800144a   0x00000008   Code   RO          404    i.SetSysClock       system_stm32f10x.o
    0x08001452   0x00000002   PAD
    0x08001454   0x000000e0   Code   RO          405    i.SetSysClockTo72   system_stm32f10x.o
    0x08001534   0x000000b0   Code   RO          155    i.Start             disp.o
    0x080015e4   0x00000034   Code   RO          156    i.SysDelayHMSM      disp.o
    0x08001618   0x00000020   Code   RO          293    i.SysTick_Handler   stm32f10x_it.o
    0x08001638   0x0000004c   Code   RO          157    i.SysWaitHMSM       disp.o
    0x08001684   0x00000060   Code   RO          407    i.SystemInit        system_stm32f10x.o
    0x080016e4   0x00000080   Code   RO         1833    i.TI1_Config        stm32f10x_tim.o
    0x08001764   0x00000098   Code   RO         1834    i.TI2_Config        stm32f10x_tim.o
    0x080017fc   0x00000090   Code   RO         1835    i.TI3_Config        stm32f10x_tim.o
    0x0800188c   0x00000098   Code   RO         1836    i.TI4_Config        stm32f10x_tim.o
    0x08001924   0x000000a8   Code   RO          294    i.TIM2_IRQHandler   stm32f10x_it.o
    0x080019cc   0x0000005c   Code   RO          570    i.TIM2_Int_Init     timer.o
    0x08001a28   0x000000d4   Code   RO          571    i.TIM3_Cap_Init     timer.o
    0x08001afc   0x00000108   Code   RO          295    i.TIM3_IRQHandler   stm32f10x_it.o
    0x08001c04   0x000000e0   Code   RO          296    i.TIM4_IRQHandler   stm32f10x_it.o
    0x08001ce4   0x00000006   Code   RO         1844    i.TIM_ClearITPendingBit  stm32f10x_tim.o
    0x08001cea   0x00000018   Code   RO         1849    i.TIM_Cmd           stm32f10x_tim.o
    0x08001d02   0x00000006   Code   RO         1864    i.TIM_GetCapture1   stm32f10x_tim.o
    0x08001d08   0x00000022   Code   RO         1870    i.TIM_GetITStatus   stm32f10x_tim.o
    0x08001d2a   0x00000002   PAD
    0x08001d2c   0x000000ac   Code   RO         1872    i.TIM_ICInit        stm32f10x_tim.o
    0x08001dd8   0x00000012   Code   RO         1874    i.TIM_ITConfig      stm32f10x_tim.o
    0x08001dea   0x00000012   Code   RO         1880    i.TIM_OC1PolarityConfig  stm32f10x_tim.o
    0x08001dfc   0x00000004   Code   RO         1914    i.TIM_SetCounter    stm32f10x_tim.o
    0x08001e00   0x00000012   Code   RO         1915    i.TIM_SetIC1Prescaler  stm32f10x_tim.o
    0x08001e12   0x0000001a   Code   RO         1916    i.TIM_SetIC2Prescaler  stm32f10x_tim.o
    0x08001e2c   0x00000012   Code   RO         1917    i.TIM_SetIC3Prescaler  stm32f10x_tim.o
    0x08001e3e   0x0000001a   Code   RO         1918    i.TIM_SetIC4Prescaler  stm32f10x_tim.o
    0x08001e58   0x000000a4   Code   RO         1920    i.TIM_TimeBaseInit  stm32f10x_tim.o
    0x08001efc   0x00000028   Code   RO          158    i.Time1s            disp.o
    0x08001f24   0x00000028   Code   RO          674    i.To_Lock_OFF       interface.o
    0x08001f4c   0x0000002c   Code   RO          675    i.To_Lock_ON        interface.o
    0x08001f78   0x00000036   Code   RO          676    i.To_Lock_send      interface.o
    0x08001fae   0x00000002   PAD
    0x08001fb0   0x000000b0   Code   RO          604    i.USART1_IRQHandler  usart.o
    0x08002060   0x000000bc   Code   RO          605    i.USART2_IRQHandler  usart.o
    0x0800211c   0x000000bc   Code   RO          606    i.USART3_IRQHandler  usart.o
    0x080021d8   0x0000001e   Code   RO         2382    i.USART_ClearITPendingBit  stm32f10x_usart.o
    0x080021f6   0x00000018   Code   RO         2385    i.USART_Cmd         stm32f10x_usart.o
    0x0800220e   0x0000001a   Code   RO         2388    i.USART_GetFlagStatus  stm32f10x_usart.o
    0x08002228   0x00000054   Code   RO         2389    i.USART_GetITStatus  stm32f10x_usart.o
    0x0800227c   0x0000004a   Code   RO         2391    i.USART_ITConfig    stm32f10x_usart.o
    0x080022c6   0x00000002   PAD
    0x080022c8   0x000000d8   Code   RO         2392    i.USART_Init        stm32f10x_usart.o
    0x080023a0   0x00000008   Code   RO         2402    i.USART_SendData    stm32f10x_usart.o
    0x080023a8   0x00000068   Code   RO          608    i.UartSend          usart.o
    0x08002410   0x000000c8   Code   RO          159    i.UpOK_Deal         disp.o
    0x080024d8   0x0000015c   Code   RO          160    i.Up_Deal           disp.o
    0x08002634   0x00000004   Code   RO          297    i.UsageFault_Handler  stm32f10x_it.o
    0x08002638   0x00000006   Code   RO          609    i._sys_exit         usart.o
    0x0800263e   0x00000002   PAD
    0x08002640   0x00000014   Code   RO          162    i.init_main         disp.o
    0x08002654   0x000000d8   Code   RO            3    i.main              main.o
    0x0800272c   0x0000022c   Code   RO          611    i.uart_init         usart.o
    0x08002958   0x000001bc   Code   RO          163    i.voice_deal        disp.o
    0x08002b14   0x00000020   Data   RO         2796    Region$$Table       anon$$obj.o


    Execution Region RW_IRAM1 (Base: 0x20000000, Size: 0x00000ac0, Max: 0x00005000, ABSOLUTE, COMPRESSED[0x00000150])

    Base Addr    Size         Type   Attr      Idx    E Section Name        Object

    0x20000000   0x00000013   Data   RW          164    .data               disp.o
    0x20000013   0x00000001   PAD
    0x20000014   0x00000014   Data   RW          273    .data               global.o
    0x20000028   0x00000001   Data   RW          298    .data               stm32f10x_it.o
    0x20000029   0x00000003   PAD
    0x2000002c   0x00000014   Data   RW          408    .data               system_stm32f10x.o
    0x20000040   0x00000005   Data   RW          475    .data               io.o
    0x20000045   0x00000003   PAD
    0x20000048   0x00000040   Data   RW          613    .data               usart.o
    0x20000088   0x00000100   Data   RW          678    .data               interface.o
    0x20000188   0x00000014   Data   RW         1575    .data               stm32f10x_rcc.o
    0x2000019c   0x00000040   Zero   RW          272    .bss                global.o
    0x200001dc   0x00000010   Zero   RW          474    .bss                io.o
    0x200001ec   0x00000264   Zero   RW          612    .bss                usart.o
    0x20000450   0x0000000a   Zero   RW          677    .bss                interface.o
    0x2000045a   0x00000002   PAD
    0x2000045c   0x00000060   Zero   RW         2675    .bss                c_w.l(libspace.o)
    0x200004bc   0x00000004   PAD
    0x200004c0   0x00000200   Zero   RW         2626    HEAP                startup_stm32f10x_md.o
    0x200006c0   0x00000400   Zero   RW         2625    STACK               startup_stm32f10x_md.o


==============================================================================

Image component sizes


      Code (inc. data)   RO Data    RW Data    ZI Data      Debug   Object Name

      3060        342          0         19          0       9400   disp.o
         0          0          0         20         64       1692   global.o
       678         88          0        256         10       4936   interface.o
      1276         80          0          5         16       5431   io.o
       216         24          0          0          0     268730   main.o
       132         22          0          0          0       1523   misc.o
        64         26        236          0       1536        800   startup_stm32f10x_md.o
       448          6          0          0          0       4438   stm32f10x_gpio.o
       712         60          0          1          0     206988   stm32f10x_it.o
       276         32          0         20          0       4410   stm32f10x_rcc.o
      1110        150          0          0          0      10962   stm32f10x_tim.o
       462          6          0          0          0       6175   stm32f10x_usart.o
         0          0          0          0          0         32   sys.o
       328         28          0         20          0       2065   system_stm32f10x.o
       304         18          0          0          0       1376   timer.o
      1218         60          0         64        612       6369   usart.o

    ----------------------------------------------------------------------
     10304        942        268        412       2240     535327   Object Totals
         0          0         32          0          0          0   (incl. Generated)
        20          0          0          7          2          0   (incl. Padding)

    ----------------------------------------------------------------------

      Code (inc. data)   RO Data    RW Data    ZI Data      Debug   Library Member Name

        90          0          0          0          0          0   __dczerorl2.o
         8          0          0          0          0         68   __main.o
         0          0          0          0          0          0   __rtentry.o
        12          0          0          0          0          0   __rtentry2.o
         6          0          0          0          0          0   __rtentry4.o
        52          8          0          0          0          0   __scatter.o
        28          0          0          0          0          0   __scatter_zi.o
        16          0          0          0          0         68   aeabi_memset.o
        12          0          0          0          0         72   exit.o
         6          0          0          0          0        152   heapauxi.o
         2          0          0          0          0          0   libinit.o
         2          0          0          0          0          0   libinit2.o
         2          0          0          0          0          0   libshutdown.o
         2          0          0          0          0          0   libshutdown2.o
         8          4          0          0         96         68   libspace.o
        68          0          0          0          0         68   rt_memclr.o
        78          0          0          0          0         80   rt_memclr_w.o
         2          0          0          0          0          0   rtexit.o
        10          0          0          0          0          0   rtexit2.o
        74          0          0          0          0         80   sys_stackheap_outer.o
         2          0          0          0          0         68   use_no_semi.o
         2          0          0          0          0         68   use_no_semi_2.o

    ----------------------------------------------------------------------
       488         12          0          0        100        792   Library Totals
         6          0          0          0          4          0   (incl. Padding)

    ----------------------------------------------------------------------

      Code (inc. data)   RO Data    RW Data    ZI Data      Debug   Library Name

       482         12          0          0         96        792   c_w.l

    ----------------------------------------------------------------------
       488         12          0          0        100        792   Library Totals

    ----------------------------------------------------------------------

==============================================================================


      Code (inc. data)   RO Data    RW Data    ZI Data      Debug   

     10792        954        268        412       2340     531227   Grand Totals
     10792        954        268        336       2340     531227   ELF Image Totals (compressed)
     10792        954        268        336          0          0   ROM Totals

==============================================================================

    Total RO  Size (Code + RO Data)                11060 (  10.80kB)
    Total RW  Size (RW Data + ZI Data)              2752 (   2.69kB)
    Total ROM Size (Code + RO Data + RW Data)      11396 (  11.13kB)

==============================================================================

